******************************************************************************
                  TI ARM Linker PC v15.12.3                    
******************************************************************************
>> Linked Mon Oct 10 08:25:39 2016

OUTPUT FILE NAME:   <CSRobot_01.out>
ENTRY POINT SYMBOL: "_c_int00"  address: 00006dd1


MEMORY CONFIGURATION

         name            origin    length      used     unused   attr    fill
----------------------  --------  ---------  --------  --------  ----  --------
  MAIN                  00000000   00040000  0000c317  00033ce9  R  X
  INFO                  00200000   00004000  00000000  00004000  R  X
  SRAM_CODE             01000000   00010000  00000000  00010000  RW X
  SRAM_DATA             20000000   00010000  00004e1c  0000b1e4  RW  


SEGMENT ALLOCATION MAP

run origin  load origin   length   init length attrs members
----------  ----------- ---------- ----------- ----- -------
00000000    00000000    0000c324   0000c324    r-x
  00000000    00000000    0000003c   0000003c    r-- .resetVecs
  00000040    00000040    00009492   00009492    r-x .text
  000094d4    000094d4    000029bd   000029bd    r-- .const
  0000be98    0000be98    0000048c   0000048c    r-- .cinit
20000000    20000000    00004b1c   00000000    rw-
  20000000    20000000    00000140   00000000    rw- .vecs
  20000140    20000140    00004300   00000000    rw- .bss
  20004440    20004440    000006dc   00000000    rw- .data
2000fd00    2000fd00    00000300   00000000    rw-
  2000fd00    2000fd00    00000300   00000000    rw- .stack


SECTION ALLOCATION MAP

 output                                  attributes/
section   page    origin      length       input sections
--------  ----  ----------  ----------   ----------------
.text      0    00000040    00009492     
                  00000040    00001110     rtsv7M4_T_le_v4SPD16_eabi.lib : _printfi.obj (.text)
                  00001150    00000492     string.obj (.text:Graphics_drawString)
                  000015e2    00000006     drivers_MSP432P401R.aem4f : I2CMSP432.oem4f (.text:I2CMSP432_control)
                  000015e8    00000430     sysbios.aem4f : BIOS.obj (.text:ti_sysbios_family_arm_m3_Hwi_excDumpRegs__I)
                  00001a18    0000034c     ti.targets.arm.rtsarm.aem4f : System.oem4f (.text:xdc_runtime_System_doPrint__I)
                  00001d64    00000324     rtsv7M4_T_le_v4SPD16_eabi.lib : trgdrv.obj (.text)
                  00002088    000002ac     sysbios.aem4f : BIOS.obj (.text:ti_sysbios_knl_Semaphore_pend__E)
                  00002334    00000264     drivers_MSP432P401R.aem4f : PowerMSP432.oem4f (.text:Power_sleep)
                  00002598    00000254     sysbios.aem4f : BIOS.obj (.text:ti_sysbios_heaps_HeapMem_free__E)
                  000027ec    00000004     msp432p4xx_driverlib.lib : cpu.o (.text:CPU_wfi)
                  000027f0    00000248     sysbios.aem4f : BIOS.obj (.text:ti_sysbios_heaps_HeapMem_alloc__E)
                  00002a38    000001fc                   : BIOS.obj (.text:ti_sysbios_family_arm_m3_Hwi_excHandlerMax__I)
                  00002c34    000001f4     rtsv7M4_T_le_v4SPD16_eabi.lib : ull_div_t2.obj (.text)
                  00002e28    000001e4     screenTask.obj (.text:screenTaskFxn)
                  0000300c    00000004     msp432p4xx_driverlib.lib : spi.o (.text:EUSCI_A_SPI_transmitData)
                  00003010    000001b8     sysbios.aem4f : BIOS.obj (.text:ti_sysbios_knl_Task_sleep__E)
                  000031c8    000001b6     rtsv7M4_T_le_v4SPD16_eabi.lib : fd_add_t2.obj (.text)
                  0000337e    000001a0     msp432p4xx_driverlib.lib : pcm.o (.text:__PCM_setPowerStateAdvanced)
                  0000351e    00000002     power_tirtos_MSP432P401R.aem4f : PowerMSP432_tirtos.oem4f (.text:PowerMSP432_initPolicy)
                  00003520    00000178     drivers_MSP432P401R.aem4f : I2CMSP432.oem4f (.text:I2CMSP432_open)
                  00003698    00000174     sysbios.aem4f : BIOS.obj (.text:ti_sysbios_family_arm_m3_Hwi_excBusFault__I)
                  0000380c    00000004     msp432p4xx_driverlib.lib : spi.o (.text:EUSCI_B_SPI_transmitData)
                  00003810    00000164     sysbios.aem4f : BIOS.obj (.text:ti_sysbios_family_arm_m3_Hwi_excUsageFault__I)
                  00003974    00000158     Sharp96x96.obj (.text:Sharp96x96_RectFill)
                  00003acc    00000004     tirtosport.aem4f : HwiP_tirtos.oem4f (.text:HwiP_disable)
                  00003ad0    00000148     sysbios.aem4f : BIOS.obj (.text:ti_sysbios_family_arm_m3_Hwi_excMemFault__I)
                  00003c18    00000140     drivers_MSP432P401R.aem4f : GPIOMSP432.oem4f (.text:GPIO_setConfig)
                  00003d58    0000013c     sysbios.aem4f : BIOS.obj (.text:ti_sysbios_heaps_HeapMem_Instance_init__E)
                  00003e94    00000138     Sharp96x96.obj (.text:Sharp96x96_LineDrawH)
                  00003fcc    00000136     rtsv7M4_T_le_v4SPD16_eabi.lib : fd_div_t2.obj (.text)
                  00004102    00000118     drivers_MSP432P401R.aem4f : I2CMSP432.oem4f (.text:I2CMSP432_hwiIntFxn)
                  0000421a    00000002     rtsv7M4_T_le_v4SPD16_eabi.lib : i_div0.obj (.text)
                  0000421c    00000118     ti.targets.arm.rtsarm.aem4f : Error.oem4f (.text:xdc_runtime_Error_policyDefault__E)
                  00004334    00000100                                 : Core-mem.oem4f (.text:xdc_runtime_Core_createObject__I)
                  00004434    000000fc     rtsv7M4_T_le_v4SPD16_eabi.lib : fd_mul_t2.obj (.text)
                  00004530    000000fc                                   : s_scalbn.obj (.text)
                  0000462c    000000f8     ti.targets.arm.rtsarm.aem4f : Startup.oem4f (.text:xdc_runtime_Startup_startMods__I)
                  00004724    000000f8     Robot_pem4f.oem4f (.text:xdc_runtime_System_printfExtend__I)
                  0000481c    000000f0     drivers_MSP432P401R.aem4f : PowerMSP432.oem4f (.text:initPerfControl)
                  0000490c    000000ec     sysbios.aem4f : m3_Hwi_asm.obj (.text:ti_sysbios_family_arm_m3_Hwi_dispatch__I)
                  000049f8    000000ec                   : BIOS.obj (.text:ti_sysbios_knl_Semaphore_post__E)
                  00004ae4    000000e2     drivers_MSP432P401R.aem4f : PWMTimerMSP432.oem4f (.text:initHw)
                  00004bc6    00000002     Robot_pem4f.oem4f (.text:ti_sysbios_BIOS_nullFunc__I)
                  00004bc8    000000e0     msp432p4xx_driverlib.lib : cs.o (.text:CS_initClockSignal)
                  00004ca8    000000dc                              : pcm.o (.text:__PCM_setPowerModeAdvanced)
                  00004d84    000000d8     Sharp96x96.obj (.text:Sharp96x96_Flush)
                  00004e5c    000000d4     main.obj (.text:main)
                  00004f30    000000cc     ti.targets.arm.rtsarm.aem4f : Core-smem.oem4f (.text:xdc_runtime_Core_constructObject__I)
                  00004ffc    00000004     msp432p4xx_driverlib.lib : i2c.o (.text:I2C_setSlaveAddress)
                  00005000    000000bc     sysbios.aem4f : BIOS.obj (.text:ti_sysbios_family_arm_m3_Hwi_excDebugMon__I)
                  000050bc    00000004     drivers_MSP432P401R.aem4f : List.oem4f (.text:List_head)
                  000050c0    000000bc     sysbios.aem4f : BIOS.obj (.text:ti_sysbios_family_arm_m3_Hwi_excHardFault__I)
                  0000517c    00000004     drivers_MSP432P401R.aem4f : List.oem4f (.text:List_next)
                  00005180    000000b4     sysbios.aem4f : BIOS.obj (.text:ti_sysbios_gates_GateMutex_enter__E)
                  00005234    00000004     drivers_MSP432P401R.aem4f : PowerMSP432.oem4f (.text:PowerMSP432_getNumPerfLevels)
                  00005238    000000b4     sysbios.aem4f : BIOS.obj (.text:ti_sysbios_knl_Task_checkStacks__E)
                  000052ec    000000b2     msp432p4xx_driverlib.lib : timer_a.o (.text:privateTimer_AProcessClockSourceDivider)
                  0000539e    00000002     --HOLE-- [fill = 0]
                  000053a0    000000b0                              : pcm.o (.text:__PCM_setCoreVoltageLevelAdvanced)
                  00005450    000000ac     drivers_MSP432P401R.aem4f : PWMTimerMSP432.oem4f (.text:PWMTimerMSP432_open)
                  000054fc    00000004     Robot_pem4f.oem4f (.text:ti_sysbios_BIOS_RtsGateProxy_enter__E)
                  00005500    000000a8     sysbios.aem4f : BIOS.obj (.text:ti_sysbios_family_arm_msp432_Timer_periodicStub__E)
                  000055a8    000000a4     line.obj (.text:Graphics_drawLineH)
                  0000564c    000000a0     auto_init.aem4f : auto_init.oem4f (.text)
                  000056ec    000000a0     ti.targets.arm.rtsarm.aem4f : Text.oem4f (.text:xdc_runtime_Text_putMod__E)
                  0000578c    0000009c     rtsv7M4_T_le_v4SPD16_eabi.lib : memcpy_t2.obj (.text)
                  00005828    0000009c     sysbios.aem4f : BIOS.obj (.text:ti_sysbios_knl_Semaphore_Instance_init__E)
                  000058c4    00000004     Robot_pem4f.oem4f (.text:ti_sysbios_BIOS_RtsGateProxy_leave__E)
                  000058c8    0000009c     sysbios.aem4f : BIOS.obj (.text:ti_sysbios_knl_Task_postInit__I)
                  00005964    0000009a     ti.targets.arm.rtsarm.aem4f : Text.oem4f (.text:xdc_runtime_Text_putSite__E)
                  000059fe    00000002     --HOLE-- [fill = 0]
                  00005a00    00000094     sysbios.aem4f : BIOS.obj (.text:ti_sysbios_family_arm_m3_Hwi_Instance_init__E)
                  00005a94    00000004     Robot_pem4f.oem4f (.text:ti_sysbios_family_arm_m3_Hwi_destruct)
                  00005a98    00000094     sysbios.aem4f : BIOS.obj (.text:ti_sysbios_family_arm_m3_Hwi_initNVIC__E)
                  00005b2c    00000092     drivers_MSP432P401R.aem4f : I2CMSP432.oem4f (.text:I2CMSP432_cancel)
                  00005bbe    00000092                               : PWMTimerMSP432.oem4f (.text:PWMTimerMSP432_setPeriod)
                  00005c50    00000090     Sharp96x96.obj (.text:Sharp96x96_LineDrawV)
                  00005ce0    0000008c     drivers_MSP432P401R.aem4f : I2CMSP432.oem4f (.text:I2CMSP432_transfer)
                  00005d6c    0000008c     sysbios.aem4f : m3_TaskSupport_asm.obj (.text:ti_sysbios_family_arm_m3_TaskSupport_buildTaskStack)
                  00005df8    00000088     msp432p4xx_driverlib.lib : spi.o (.text:SPI_initMaster)
                  00005e80    00000088     sysbios.aem4f : BIOS.obj (.text:ti_sysbios_family_arm_msp432_Timer_Module_startup__E)
                  00005f08    00000086     rtsv7M4_T_le_v4SPD16_eabi.lib : fd_cmp_t2.obj (.text:__aeabi_cdcmple)
                  00005f8e    00000086                                   : fd_cmp_t2.obj (.text:__aeabi_cdrcmple)
                  00006014    00000084     drivers_MSP432P401R.aem4f : PWMTimerMSP432.oem4f (.text:PWMTimerMSP432_setDuty)
                  00006098    00000084     Sharp96x96.obj (.text:Sharp96x96_ClearScreen)
                  0000611c    00000004     Robot_pem4f.oem4f (.text:ti_sysbios_family_arm_m3_TaskSupport_Module__startupDone__S)
                  00006120    00000084     sysbios.aem4f : BIOS.obj (.text:ti_sysbios_family_arm_m3_Hwi_postInit__I)
                  000061a4    00000080     Sharp96x96.obj (.text:Sharp96x96_SendToggleVCOMCommand)
                  00006224    0000007c     msp432p4xx_driverlib.lib : pcm.o (.text:PCM_gotoLPM3)
                  000062a0    0000007c     Sharp96x96.obj (.text:Sharp96x96_DrawMultiple)
                  0000631c    0000007a     rtsv7M4_T_le_v4SPD16_eabi.lib : memset_t2.obj (.text)
                  00006396    00000002     --HOLE-- [fill = 0]
                  00006398    0000006d     ti.targets.arm.rtsarm.aem4f : System.oem4f (.text:xdc_runtime_System_formatNum__I)
                  00006405    00000003     --HOLE-- [fill = 0]
                  00006408    0000006c     sysbios.aem4f : BIOS.obj (.text:ti_sysbios_knl_Clock_workFunc__E)
                  00006474    00000004     Robot_pem4f.oem4f (.text:ti_sysbios_heaps_HeapMem_Module_GateProxy_enter__E)
                  00006478    0000006c     sysbios.aem4f : BIOS.obj (.text:ti_sysbios_knl_Swi_restoreHwi__E)
                  000064e4    00000004     Robot_pem4f.oem4f (.text:ti_sysbios_heaps_HeapMem_Module_GateProxy_leave__E)
                  000064e8    0000006c     sysbios.aem4f : BIOS.obj (.text:ti_sysbios_knl_Task_exit__E)
                  00006554    0000006c     ti.targets.arm.rtsarm.aem4f : Error.oem4f (.text:xdc_runtime_Error_print__E)
                  000065c0    0000006c                                 : Memory.oem4f (.text:xdc_runtime_Memory_alloc__E)
                  0000662c    0000006a     rtsv7M4_T_le_v4SPD16_eabi.lib : copy_decompress_rle.obj (.text)
                  00006696    00000002     --HOLE-- [fill = 0]
                  00006698    00000068     Sharp96x96.obj (.text:Sharp96x96_PixelDraw)
                  00006700    00000068     drivers_MSP432P401R.aem4f : I2CMSP432.oem4f (.text:primeTransfer)
                  00006768    00000068     rtsv7M4_T_le_v4SPD16_eabi.lib : trgmsg.obj (.text)
                  000067d0    00000066     drivers_MSP432P401R.aem4f : I2CMSP432.oem4f (.text:I2CMSP432_close)
                  00006836    00000066     ti.targets.arm.rtsarm.aem4f : Core-mem.oem4f (.text:xdc_runtime_Core_deleteObject__I)
                  0000689c    00000064     rtsv7M4_T_le_v4SPD16_eabi.lib : s_frexp.obj (.text)
                  00006900    00000064     sysbios.aem4f : BIOS.obj (.text:ti_sysbios_family_arm_m3_Hwi_dispatchC__I)
                  00006964    00000062     tirtosport.aem4f : HwiP_tirtos.oem4f (.text:HwiP_create)
                  000069c6    00000062     Sharp96x96utils.obj (.text:reverse)
                  00006a28    00000060     rtsv7M4_T_le_v4SPD16_eabi.lib : sprintf.obj (.text)
                  00006a88    00000060     sysbios.aem4f : BIOS.obj (.text:ti_sysbios_knl_Task_schedule__I)
                  00006ae8    0000005c     drivers_MSP432P401R.aem4f : GPIOMSP432.oem4f (.text:GPIO_init)
                  00006b44    00000004     Robot_pem4f.oem4f (.text:ti_sysbios_knl_Clock_TimerProxy_getMaxTicks__E)
                  00006b48    0000005c     sysbios.aem4f : BIOS.obj (.text:ti_sysbios_knl_Swi_run__I)
                  00006ba4    00000004     Robot_pem4f.oem4f (.text:ti_sysbios_knl_Queue_destruct)
                  00006ba8    0000005c     sysbios.aem4f : BIOS.obj (.text:ti_sysbios_knl_Swi_schedule__I)
                  00006c04    00000004     Robot_pem4f.oem4f (.text:ti_sysbios_knl_Semaphore_destruct)
                  00006c08    0000005c     sysbios.aem4f : BIOS.obj (.text:ti_sysbios_knl_Task_Module_startup__E)
                  00006c64    00000004     ti.targets.arm.rtsarm.aem4f : Error.oem4f (.text:xdc_runtime_Error_getSite__E)
                  00006c68    0000005c     sysbios.aem4f : BIOS.obj (.text:ti_sysbios_knl_Task_startCore__E)
                  00006cc4    0000005b     ti.targets.arm.rtsarm.aem4f : Text.oem4f (.text:xdc_runtime_Text_putLab__E)
                  00006d1f    00000001     --HOLE-- [fill = 0]
                  00006d20    00000058     tirtosport.aem4f : SemaphoreP_tirtos.oem4f (.text:SemaphoreP_create)
                  00006d78    00000058     Sharp96x96.obj (.text:Sharp96x96_InitializeDisplayBuffer)
                  00006dd0    00000058     boot.aem4f : boot.oem4f (.text)
                  00006e28    00000058     Robot_pem4f.oem4f (.text:ti_sysbios_family_arm_m3_Hwi_construct)
                  00006e80    00000058     sysbios.aem4f : m3_Hwi_asm_switch.obj (.text:ti_sysbios_family_arm_m3_Hwi_initStacks__E)
                  00006ed8    00000056     rtsv7M4_T_le_v4SPD16_eabi.lib : ltoa.obj (.text)
                  00006f2e    00000002     --HOLE-- [fill = 0]
                  00006f30    00000054     drivers_MSP432P401R.aem4f : GPIOMSP432.oem4f (.text:GPIO_hwiIntFxn)
                  00006f84    00000054                               : GPIOMSP432.oem4f (.text:GPIO_setCallback)
                  00006fd8    00000054                               : PWMTimerMSP432.oem4f (.text:PWMTimerMSP432_stop)
                  0000702c    00000054     Sharp96x96.obj (.text:Sharp96x96_LCDInit)
                  00007080    00000054     drivers_MSP432P401R.aem4f : I2CMSP432.oem4f (.text:initHw)
                  000070d4    00000054     rtsv7M4_T_le_v4SPD16_eabi.lib : exit.obj (.text)
                  00007128    00000054     sysbios.aem4f : BIOS.obj (.text:ti_sysbios_family_arm_msp432_Timer_initDevice__I)
                  0000717c    00000004     Robot_pem4f.oem4f (.text:xdc_runtime_System_Module_GateProxy_enter__E)
                  00007180    00000054     sysbios.aem4f : BIOS.obj (.text:ti_sysbios_family_arm_msp432_init_Boot_configureClocksHigh)
                  000071d4    00000054     ti.targets.arm.rtsarm.aem4f : Assert.oem4f (.text:xdc_runtime_Assert_raise__I)
                  00007228    00000050     drivers_MSP432P401R.aem4f : GPIOMSP432.oem4f (.text:GPIO_write)
                  00007278    00000050     msp432p4xx_driverlib.lib : pcm.o (.text:PCM_shutdownDevice)
                  000072c8    00000050     drivers_MSP432P401R.aem4f : PWMTimerMSP432.oem4f (.text:PWMTimerMSP432_close)
                  00007318    00000050     sysbios.aem4f : BIOS.obj (.text:ti_sysbios_family_arm_m3_Hwi_Module_startup__E)
                  00007368    00000050     ti.targets.arm.rtsarm.aem4f : Startup.oem4f (.text:xdc_runtime_Startup_exec__E)
                  000073b8    00000050                                 : Text.oem4f (.text:xdc_runtime_Text_visitRope2__I)
                  00007408    0000004c     msp432p4xx_driverlib.lib : gpio.o (.text:GPIO_setAsPeripheralModuleFunctionOutputPin)
                  00007454    0000004c     rtsv7M4_T_le_v4SPD16_eabi.lib : atoi.obj (.text)
                  000074a0    0000004c                                   : cpy_tbl.obj (.text)
                  000074ec    00000004     Robot_pem4f.oem4f (.text:xdc_runtime_System_Module_GateProxy_leave__E)
                  000074f0    0000004c     sysbios.aem4f : BIOS.obj (.text:ti_sysbios_family_arm_msp432_Timer_start__E)
                  0000753c    00000004     ti.targets.arm.rtsarm.aem4f : System.oem4f (.text:xdc_runtime_System_aprintf_va__F)
                  00007540    0000004c     sysbios.aem4f : BIOS.obj (.text:ti_sysbios_heaps_HeapMem_getStats__E)
                  0000758c    00000004     ti.targets.arm.rtsarm.aem4f : System.oem4f (.text:xdc_runtime_System_printf_va__F)
                  00007590    0000004c     sysbios.aem4f : BIOS.obj (.text:ti_sysbios_knl_Swi_runLoop__I)
                  000075dc    00000004     --HOLE-- [fill = 0]
                  000075e0    0000004c                   : BIOS.obj (.text:ti_sysbios_knl_Task_allBlockedFunction__I)
                  0000762c    0000004a     context.obj (.text:Graphics_initContext)
                  00007676    00000048     msp432p4xx_driverlib.lib : timer_a.o (.text:Timer_A_generatePWM)
                  000076be    00000048     rtsv7M4_T_le_v4SPD16_eabi.lib : fd_toi_t2.obj (.text)
                  00007706    00000002     --HOLE-- [fill = 0]
                  00007708    00000048     sysbios.aem4f : BIOS.obj (.text:ti_sysbios_family_arm_m3_Hwi_disableInterrupt__E)
                  00007750    00000048                   : BIOS.obj (.text:ti_sysbios_family_arm_m3_Hwi_enableInterrupt__E)
                  00007798    00000048                   : BIOS.obj (.text:ti_sysbios_family_arm_m3_Hwi_excReserved__I)
                  000077e0    00000046     ti.targets.arm.rtsarm.aem4f : Core-params.oem4f (.text:xdc_runtime_Core_assignParams__I)
                  00007826    00000002     --HOLE-- [fill = 0]
                  00007828    00000044     MSP_EXP432P401R.obj (.text:MSP_EXP432P401R_initPWM)
                  0000786c    00000044     drivers_MSP432P401R.aem4f : PowerMSP432.oem4f (.text:Power_init)
                  000078b0    00000044     sysbios.aem4f : BIOS.obj (.text:ti_sysbios_family_arm_m3_Hwi_getStackInfo__E)
                  000078f4    00000004     --HOLE-- [fill = 0]
                  000078f8    00000044                   : BIOS.obj (.text:ti_sysbios_knl_Swi_post__E)
                  0000793c    00000044     ti.targets.arm.rtsarm.aem4f : Error.oem4f (.text:xdc_runtime_Error_setX__E)
                  00007980    00000044                                 : SysMin.oem4f (.text:xdc_runtime_SysMin_flush__E)
                  000079c4    00000044                                 : Text.oem4f (.text:xdc_runtime_Text_xprintf__I)
                  00007a08    00000042     drivers_MSP432P401R.aem4f : I2CMSP432.oem4f (.text:completeTransfer)
                  00007a4a    00000002     --HOLE-- [fill = 0]
                  00007a4c    00000040     msp432p4xx_driverlib.lib : flash.o (.text:FlashCtl_disableReadBuffering)
                  00007a8c    00000040     string.obj (.text:Graphics_getNumberOfLeadingZeros)
                  00007acc    00000040     msp432p4xx_driverlib.lib : i2c.o (.text:I2C_masterSendMultiByteFinish)
                  00007b0c    00000040     drivers_MSP432P401R.aem4f : PWMTimerMSP432.oem4f (.text:PWMTimerMSP432_start)
                  00007b4c    00000040                               : PowerMSP432.oem4f (.text:notify)
                  00007b8c    00000040     rtsv7M4_T_le_v4SPD16_eabi.lib : u_divt2.obj (.text)
                  00007bcc    00000004     --HOLE-- [fill = 0]
                  00007bd0    00000040     sysbios.aem4f : BIOS.obj (.text:ti_sysbios_family_arm_msp432_Timer_startup__E)
                  00007c10    0000003e     msp432p4xx_driverlib.lib : i2c.o (.text:I2C_initMaster)
                  00007c4e    00000002     --HOLE-- [fill = 0]
                  00007c50    0000003c     MSP_EXP432P401R.obj (.text:MSP_EXP432P401R_initI2C)
                  00007c8c    0000003c     power_tirtos_MSP432P401R.aem4f : PowerMSP432_tirtos.oem4f (.text:PowerMSP432_sleepPolicy)
                  00007cc8    0000003c     drivers_MSP432P401R.aem4f : PWMTimerMSP432.oem4f (.text:getPeriodCounts)
                  00007d04    00000004     --HOLE-- [fill = 0]
                  00007d08    0000003c     sysbios.aem4f : BIOS.obj (.text:ti_sysbios_family_arm_m3_Hwi_excSvCall__I)
                  00007d44    00000004     --HOLE-- [fill = 0]
                  00007d48    0000003c                   : BIOS.obj (.text:ti_sysbios_heaps_HeapMem_init__I)
                  00007d84    00000004     --HOLE-- [fill = 0]
                  00007d88    0000003c                   : BIOS.obj (.text:ti_sysbios_knl_Swi_restore__E)
                  00007dc4    00000038     drivers_MSP432P401R.aem4f : I2C.oem4f (.text:I2C_init)
                  00007dfc    00000038                               : PWM.oem4f (.text:PWM_init)
                  00007e34    00000038                               : PWMTimerMSP432.oem4f (.text:getDutyCounts)
                  00007e6c    00000038                               : I2CMSP432.oem4f (.text:perfChangeNotifyFxn)
                  00007ea4    00000004     --HOLE-- [fill = 0]
                  00007ea8    00000038     sysbios.aem4f : BIOS.obj (.text:ti_sysbios_family_arm_m3_Hwi_excNoIsr__I)
                  00007ee0    00000038                   : BIOS.obj (.text:ti_sysbios_knl_Task_processVitalTaskFlag__I)
                  00007f18    00000038     ti.targets.arm.rtsarm.aem4f : SysMin.oem4f (.text:xdc_runtime_SysMin_putch__E)
                  00007f50    00000038                                 : System.oem4f (.text:xdc_runtime_System_atexit__E)
                  00007f88    00000034     msp432p4xx_driverlib.lib : flash.o (.text:FlashCtl_enableReadBuffering)
                  00007fbc    00000004     --HOLE-- [fill = 0]
                  00007fc0    00000034     sysbios.aem4f : BIOS.obj (.text:ti_sysbios_family_arm_m3_Hwi_Instance_finalize__E)
                  00007ff4    00000004     --HOLE-- [fill = 0]
                  00007ff8    00000034                   : BIOS.obj (.text:ti_sysbios_family_arm_m3_Hwi_excNmi__I)
                  0000802c    00000004     --HOLE-- [fill = 0]
                  00008030    00000034                   : BIOS.obj (.text:ti_sysbios_hal_Hwi_checkStack)
                  00008064    00000034     ti.targets.arm.rtsarm.aem4f : Core-label.oem4f (.text:xdc_runtime_Core_assignLabel__I)
                  00008098    00000033                                 : Text.oem4f (.text:xdc_runtime_Text_printVisFxn__I)
                  000080cb    00000005     --HOLE-- [fill = 0]
                  000080d0    00000032     sysbios.aem4f : BIOS.obj (.text:ti_sysbios_hal_Hwi_initStack)
                  00008102    00000002     --HOLE-- [fill = 0]
                  00008104    00000030     msp432p4xx_driverlib.lib : gpio.o (.text:GPIO_getEnabledInterruptStatus)
                  00008134    00000030                              : gpio.o (.text:GPIO_setAsInputPinWithPullDownResistor)
                  00008164    00000030                              : gpio.o (.text:GPIO_setAsInputPinWithPullUpResistor)
                  00008194    00000030                              : spi.o (.text:is_A_Module)
                  000081c4    00000030     Robot_pem4f.oem4f (.text:ti_sysbios_BIOS_atExitFunc__I)
                  000081f4    00000030     Robot_pem4f.oem4f (.text:ti_sysbios_BIOS_startFunc__I)
                  00008224    00000004     --HOLE-- [fill = 0]
                  00008228    00000030     sysbios.aem4f : BIOS.obj (.text:ti_sysbios_family_arm_m3_TaskSupport_start__E)
                  00008258    00000030     Robot_pem4f.oem4f (.text:ti_sysbios_gates_GateHwi_Object__create__S)
                  00008288    00000030     Robot_pem4f.oem4f (.text:ti_sysbios_gates_GateMutex_Object__create__S)
                  000082b8    00000030     Robot_pem4f.oem4f (.text:ti_sysbios_heaps_HeapMem_Object__create__S)
                  000082e8    00000030     Robot_pem4f.oem4f (.text:ti_sysbios_knl_Semaphore_construct)
                  00008318    00000030     sysbios.aem4f : BIOS.obj (.text:ti_sysbios_knl_Semaphore_pendTimeout__I)
                  00008348    00000030                   : BIOS.obj (.text:ti_sysbios_knl_Task_unblockI__E)
                  00008378    00000030     ti.targets.arm.rtsarm.aem4f : SysMin.oem4f (.text:xdc_runtime_SysMin_abort__E)
                  000083a8    00000030                                 : System.oem4f (.text:xdc_runtime_System_processAtExit__E)
                  000083d8    0000002e     rtsv7M4_T_le_v4SPD16_eabi.lib : i_tofd_t2.obj (.text)
                  00008406    00000002     --HOLE-- [fill = 0]
                  00008408    0000002c     msp432p4xx_driverlib.lib : gpio.o (.text:GPIO_setAsInputPin)
                  00008434    0000002c                              : pcm.o (.text:PCM_getCoreVoltageLevel)
                  00008460    0000002c     power_tirtos_MSP432P401R.aem4f : PowerMSP432_tirtos.oem4f (.text:PowerMSP432_updateFreqs)
                  0000848c    0000002c     drivers_MSP432P401R.aem4f : PowerMSP432.oem4f (.text:Power_releaseConstraint)
                  000084b8    0000002c                               : PowerMSP432.oem4f (.text:Power_setConstraint)
                  000084e4    0000002c     Robot_pem4f.oem4f (.text:ti_sysbios_knl_Clock_doTick__I)
                  00008510    0000002c     Robot_pem4f.oem4f (.text:ti_sysbios_knl_Queue_construct)
                  0000853c    00000004     --HOLE-- [fill = 0]
                  00008540    0000002c     sysbios.aem4f : BIOS.obj (.text:ti_sysbios_knl_Task_restore__E)
                  0000856c    0000002c     ti.targets.arm.rtsarm.aem4f : Text.oem4f (.text:xdc_runtime_Text_cordText__E)
                  00008598    0000002a     msp432p4xx_driverlib.lib : pcm.o (.text:PCM_getPowerMode)
                  000085c2    0000002a     ti.targets.arm.rtsarm.aem4f : System.oem4f (.text:xdc_runtime_System_putchar__I)
                  000085ec    00000028     msp432p4xx_driverlib.lib : flash.o (.text:FlashCtl_setWaitState)
                  00008614    00000028     drivers_MSP432P401R.aem4f : GPIOMSP432.oem4f (.text:GPIO_enableInt)
                  0000863c    00000028     msp432p4xx_driverlib.lib : pcm.o (.text:PCM_gotoLPM0)
                  00008664    00000004     --HOLE-- [fill = 0]
                  00008668    00000028     sysbios.aem4f : BIOS.obj (.text:ti_sysbios_knl_Clock_addI__E)
                  00008690    00000028                   : BIOS.obj (.text:ti_sysbios_knl_Swi_Module_startup__E)
                  000086b8    00000026     drivers_MSP432P401R.aem4f : List.oem4f (.text:List_put)
                  000086de    00000026     sysbios.aem4f : m3_Hwi_asm.obj (.text:ti_sysbios_family_arm_m3_Hwi_pendSV__I)
                  00008704    00000026     ti.targets.arm.rtsarm.aem4f : System.oem4f (.text:xdc_runtime_System_avprintf__E)
                  0000872a    00000002     --HOLE-- [fill = 0]
                  0000872c    00000024     msp432p4xx_driverlib.lib : cs.o (.text:CS_setDCOCenteredFrequency)
                  00008750    00000024                              : gpio.o (.text:GPIO_setAsOutputPin)
                  00008774    00000024                              : i2c.o (.text:I2C_masterSendMultiByteNext)
                  00008798    00000024                              : rtc_c.o (.text:RTC_C_holdClock)
                  000087bc    00000024                              : rtc_c.o (.text:RTC_C_startClock)
                  000087e0    00000024     Robot_pem4f.oem4f (.text:ti_sysbios_BIOS_errorRaiseHook__I)
                  00008804    00000024     Robot_pem4f.oem4f (.text:ti_sysbios_BIOS_registerRTSLock__I)
                  00008828    00000024     Robot_pem4f.oem4f (.text:ti_sysbios_BIOS_removeRTSLock__I)
                  0000884c    00000004     --HOLE-- [fill = 0]
                  00008850    00000024     sysbios.aem4f : BIOS.obj (.text:ti_sysbios_family_arm_msp432_ClockFreqs_setFrequency__E)
                  00008874    00000024     Robot_pem4f.oem4f (.text:ti_sysbios_gates_GateMutex_Object__delete__S)
                  00008898    00000024     sysbios.aem4f : BIOS.obj (.text:ti_sysbios_knl_Clock_Module_startup__E)
                  000088bc    00000004     --HOLE-- [fill = 0]
                  000088c0    00000024                   : BIOS.obj (.text:ti_sysbios_knl_Task_restoreHwi__E)
                  000088e4    00000024     ti.targets.arm.rtsarm.aem4f : System.oem4f (.text:xdc_runtime_System_vprintf__E)
                  00008908    00000022     Robot_pem4f.oem4f (.text:xdc_runtime_SysMin_output__I)
                  0000892a    00000002     --HOLE-- [fill = 0]
                  0000892c    00000020     msp432p4xx_driverlib.lib : gpio.o (.text:GPIO_interruptEdgeSelect)
                  0000894c    00000020     drivers_MSP432P401R.aem4f : PowerMSP432.oem4f (.text:PowerMSP432_getFreqs)
                  0000896c    00000020                               : PowerMSP432.oem4f (.text:Power_unregisterNotify)
                  0000898c    00000020     msp432p4xx_driverlib.lib : spi.o (.text:SPI_transmitData)
                  000089ac    00000020     Robot_pem4f.oem4f (.text:ti_sysbios_BIOS_rtsLock__I)
                  000089cc    00000020     sysbios.aem4f : m3_Hwi_asm.obj (.text:ti_sysbios_family_arm_m3_Hwi_excHandlerAsm__I)
                  000089ec    00000004     --HOLE-- [fill = 0]
                  000089f0    00000020                   : BIOS.obj (.text:ti_sysbios_family_arm_m3_Hwi_excHandler__I)
                  00008a10    00000020     Robot_pem4f.oem4f (.text:ti_sysbios_gates_GateHwi_Object__delete__S)
                  00008a30    00000020     Robot_pem4f.oem4f (.text:ti_sysbios_heaps_HeapMem_Object__delete__S)
                  00008a50    00000020     sysbios.aem4f : BIOS.obj (.text:ti_sysbios_knl_Idle_run__E)
                  00008a70    00000020     Robot_pem4f.oem4f (.text:ti_sysbios_knl_Semaphore_Object__destruct__S)
                  00008a90    00000020     ti.targets.arm.rtsarm.aem4f : Registry.oem4f (.text:xdc_runtime_Registry_findById__E)
                  00008ab0    00000020                                 : SysMin.oem4f (.text:xdc_runtime_SysMin_Module_startup__E)
                  00008ad0    0000001e     drivers_MSP432P401R.aem4f : PWMTimerMSP432.oem4f (.text:corroboratePeriod)
                  00008aee    0000001e     sysbios.aem4f : m3_Hwi_asm_switch.obj (.text:ti_sysbios_family_xxx_Hwi_switchAndRunFunc)
                  00008b0c    0000001c     msp432p4xx_driverlib.lib : spi.o (.text:EUSCI_B_SPI_isBusy)
                  00008b28    0000001c                              : pcm.o (.text:PCM_enableRudeMode)
                  00008b44    0000001c     drivers_MSP432P401R.aem4f : PowerMSP432.oem4f (.text:Power_registerNotify)
                  00008b60    0000001c     rtsv7M4_T_le_v4SPD16_eabi.lib : memccpy.obj (.text)
                  00008b7c    0000001c     Robot_pem4f.oem4f (.text:ti_sysbios_family_arm_m3_Hwi_Object__destruct__S)
                  00008b98    0000001c     sysbios.aem4f : BIOS.obj (.text:ti_sysbios_gates_GateMutex_Instance_init__E)
                  00008bb4    0000001c     Robot_pem4f.oem4f (.text:ti_sysbios_knl_Queue_Object__destruct__S)
                  00008bd0    0000001c     sysbios.aem4f : BIOS.obj (.text:ti_sysbios_knl_Queue_put__E)
                  00008bec    00000004     --HOLE-- [fill = 0]
                  00008bf0    0000001c                   : BIOS.obj (.text:ti_sysbios_knl_Task_enter__I)
                  00008c0c    0000001c     ti.targets.arm.rtsarm.aem4f : Error.oem4f (.text:xdc_runtime_Error_raiseX__E)
                  00008c28    0000001c                                 : Memory.oem4f (.text:xdc_runtime_Memory_valloc__E)
                  00008c44    0000001c                                 : SysMin.oem4f (.text:xdc_runtime_SysMin_exit__E)
                  00008c60    0000001c                                 : System.oem4f (.text:xdc_runtime_System_abort__E)
                  00008c7c    0000001a     drivers_MSP432P401R.aem4f : List.oem4f (.text:List_remove)
                  00008c96    0000001a     msp432p4xx_driverlib.lib : spi.o (.text:SPI_enableModule)
                  00008cb0    0000001a     Robot_pem4f.oem4f (.text:ti_sysbios_family_arm_m3_Hwi_Handle__label__S)
                  00008cca    0000001a     Robot_pem4f.oem4f (.text:ti_sysbios_gates_GateHwi_Handle__label__S)
                  00008ce4    0000001a     Robot_pem4f.oem4f (.text:ti_sysbios_gates_GateMutex_Handle__label__S)
                  00008cfe    0000001a     Robot_pem4f.oem4f (.text:ti_sysbios_heaps_HeapMem_Handle__label__S)
                  00008d18    0000001a     Robot_pem4f.oem4f (.text:ti_sysbios_knl_Swi_Handle__label__S)
                  00008d32    0000001a     Robot_pem4f.oem4f (.text:ti_sysbios_knl_Task_Handle__label__S)
                  00008d4c    0000001a     Robot_pem4f.oem4f (.text:xdc_runtime_System_aprintf__E)
                  00008d66    0000001a     Robot_pem4f.oem4f (.text:xdc_runtime_System_printf__E)
                  00008d80    00000018     msp432p4xx_driverlib.lib : gpio.o (.text:GPIO_clearInterruptFlag)
                  00008d98    00000018                              : gpio.o (.text:GPIO_setDriveStrengthLow)
                  00008db0    00000018                              : gpio.o (.text:GPIO_setOutputLowOnPin)
                  00008dc8    00000018                              : i2c.o (.text:I2C_masterIsStartSent)
                  00008de0    00000018                              : wdt_a.o (.text:WDT_A_holdTimer)
                  00008df8    00000018     drivers_MSP432P401R.aem4f : PWMTimerMSP432.oem4f (.text:corroborateDuty)
                  00008e10    00000018     rtsv7M4_T_le_v4SPD16_eabi.lib : args_main.obj (.text)
                  00008e28    00000018     Robot_pem4f.oem4f (.text:ti_sysbios_BIOS_rtsUnlock__I)
                  00008e40    00000018     Robot_pem4f.oem4f (.text:ti_sysbios_family_arm_m3_Hwi_Module__startupDone__F)
                  00008e58    00000018     sysbios.aem4f : m3_TaskSupport_asm.obj (.text:ti_sysbios_family_arm_m3_TaskSupport_swap__E)
                  00008e70    00000018     Robot_pem4f.oem4f (.text:ti_sysbios_family_arm_msp432_Timer_Module__startupDone__F)
                  00008e88    00000018     sysbios.aem4f : BIOS.obj (.text:ti_sysbios_gates_GateMutex_leave__E)
                  00008ea0    00000018                   : BIOS.obj (.text:ti_sysbios_knl_Task_sleepTimeout__I)
                  00008eb8    00000018     ti.targets.arm.rtsarm.aem4f : Error.oem4f (.text:xdc_runtime_Error_check__E)
                  00008ed0    00000018                                 : System.oem4f (.text:xdc_runtime_System_exit__E)
                  00008ee8    00000018                                 : Text.oem4f (.text:xdc_runtime_Text_ropeText__E)
                  00008f00    00000016     tirtosport.aem4f : HwiP_tirtos.oem4f (.text:HwiP_delete)
                  00008f16    00000016                      : SemaphoreP_tirtos.oem4f (.text:SemaphoreP_delete)
                  00008f2c    00000016     rtsv7M4_T_le_v4SPD16_eabi.lib : strchr.obj (.text)
                  00008f42    00000016     Robot_pem4f.oem4f (.text:ti_sysbios_BIOS_exitFunc__I)
                  00008f58    00000014     msp432p4xx_driverlib.lib : gpio.o (.text:GPIO_enableInterrupt)
                  00008f6c    00000014                              : gpio.o (.text:GPIO_setDriveStrengthHigh)
                  00008f80    00000014                              : gpio.o (.text:GPIO_setOutputHighOnPin)
                  00008f94    00000014     drivers_MSP432P401R.aem4f : PowerMSP432.oem4f (.text:Power_idleFunc)
                  00008fa8    00000014     Sharp96x96.obj (.text:Sharp96x96_ClearBuffer)
                  00008fbc    00000014     msp432p4xx_driverlib.lib : wdt_a.o (.text:WDT_A_startTimer)
                  00008fd0    00000014     buttons.obj (.text:gpioButtonFxn0)
                  00008fe4    00000014     buttons.obj (.text:gpioButtonFxn1)
                  00008ff8    00000014     rtsv7M4_T_le_v4SPD16_eabi.lib : _lock.obj (.text)
                  0000900c    00000014                                   : s_copysign.obj (.text)
                  00009020    00000014                                   : strcpy.obj (.text)
                  00009034    00000014                                   : strlen.obj (.text)
                  00009048    00000014     Robot_pem4f.oem4f (.text:ti_sysbios_family_arm_m3_Hwi_Object__get__S)
                  0000905c    00000004     --HOLE-- [fill = 0]
                  00009060    00000014     sysbios.aem4f : BIOS.obj (.text:ti_sysbios_family_arm_m3_Hwi_switchFromBootStack__E)
                  00009074    00000014     Robot_pem4f.oem4f (.text:ti_sysbios_heaps_HeapMem_Object__get__S)
                  00009088    00000014     Robot_pem4f.oem4f (.text:ti_sysbios_knl_Swi_Object__get__S)
                  0000909c    00000012     tirtosport.aem4f : SemaphoreP_tirtos.oem4f (.text:SemaphoreP_pend)
                  000090ae    00000012     Sharp96x96.obj (.text:Sharp96x96_ColorTranslate)
                  000090c0    00000012     heartBeatTask.obj (.text:heartBeatTaskFxn)
                  000090d2    00000006     msp432p4xx_driverlib.lib : i2c.o (.text:I2C_getEnabledInterruptStatus)
                  000090d8    00000012     sysbios.aem4f : BIOS.obj (.text:ti_sysbios_hal_Hwi_Module_startup__E)
                  000090ea    00000012     Robot_pem4f.oem4f (.text:xdc_runtime_Startup_exec__I)
                  000090fc    00000010     msp432p4xx_driverlib.lib : gpio.o (.text:GPIO_getInterruptStatus)
                  0000910c    00000010                              : i2c.o (.text:I2C_masterReceiveMultiByteStop)
                  0000911c    00000010                              : i2c.o (.text:I2C_masterReceiveStart)
                  0000912c    00000010                              : i2c.o (.text:I2C_masterSendStart)
                  0000913c    00000010                              : pcm.o (.text:PCM_gotoLPM4)
                  0000914c    00000004     --HOLE-- [fill = 0]
                  00009150    00000010     sysbios.aem4f : BIOS.obj (.text:ti_sysbios_BIOS_setCpuFreq__E)
                  00009160    00000010                   : BIOS.obj (.text:ti_sysbios_BIOS_setThreadType__E)
                  00009170    00000010                   : BIOS.obj (.text:ti_sysbios_BIOS_start__E)
                  00009180    00000010                   : m3_TaskSupport_asm.obj (.text:ti_sysbios_family_arm_m3_TaskSupport_glue)
                  00009190    00000010                   : BIOS.obj (.text:ti_sysbios_family_arm_msp432_init_Boot_disableWatchdog)
                  000091a0    00000010                   : BIOS.obj (.text:ti_sysbios_gates_GateMutex_Instance_finalize__E)
                  000091b0    00000010                   : BIOS.obj (.text:ti_sysbios_knl_Semaphore_Instance_finalize__E)
                  000091c0    00000010                   : BIOS.obj (.text:ti_sysbios_knl_Swi_disable__E)
                  000091d0    00000010     Robot_pem4f.oem4f (.text:ti_sysbios_knl_Task_Object__get__S)
                  000091e0    00000010     sysbios.aem4f : BIOS.obj (.text:ti_sysbios_knl_Task_disable__E)
                  000091f0    00000010     ti.targets.arm.rtsarm.aem4f : Gate.oem4f (.text:xdc_runtime_Gate_leaveSystem__E)
                  00009200    00000010                                 : Memory.oem4f (.text:xdc_runtime_Memory_free__E)
                  00009210    00000010                                 : SysMin.oem4f (.text:xdc_runtime_SysMin_ready__E)
                  00009220    00000010                                 : System.oem4f (.text:xdc_runtime_System_vsnprintf__E)
                  00009230    00000010     Robot_pem4f.oem4f (.text:xdc_runtime_Text_visitRope__I)
                  00009240    0000000e     tirtosport.aem4f : HwiP_tirtos.oem4f (.text:HwiP_Params_init)
                  0000924e    0000000e     msp432p4xx_driverlib.lib : i2c.o (.text:I2C_clearInterruptFlag)
                  0000925c    0000000e                              : i2c.o (.text:I2C_disableInterrupt)
                  0000926a    0000000e                              : i2c.o (.text:I2C_setMode)
                  00009278    0000000e                              : timer_a.o (.text:Timer_A_setCompareValue)
                  00009286    0000000e     rtsv7M4_T_le_v4SPD16_eabi.lib : copy_decompress_none.obj (.text:decompress:none)
                  00009294    00000004     --HOLE-- [fill = 0]
                  00009298    0000000e     sysbios.aem4f : BIOS.obj (.text:ti_sysbios_knl_Idle_loop__E)
                  000092a6    00000002     --HOLE-- [fill = 0]
                  000092a8    0000000e                   : BIOS.obj (.text:ti_sysbios_knl_Queue_empty__E)
                  000092b6    0000000c     Robot_pem4f.oem4f (.text:.bootCodeSection:ti_sysbios_family_arm_msp432_init_Boot_init__I)
                  000092c2    0000000c     msp432p4xx_driverlib.lib : cpu.o (.text:CPU_cpsid)
                  000092ce    0000000c                              : cpu.o (.text:CPU_cpsie)
                  000092da    0000000c                              : spi.o (.text:EUSCI_A_SPI_enable)
                  000092e6    0000000c                              : spi.o (.text:EUSCI_B_SPI_enable)
                  000092f2    0000000c                              : i2c.o (.text:I2C_disableModule)
                  000092fe    0000000c                              : i2c.o (.text:I2C_enableModule)
                  0000930a    00000002     --HOLE-- [fill = 0]
                  0000930c    0000000c                              : pcm.o (.text:PCM_getPowerState)
                  00009318    0000000c     drivers_MSP432P401R.aem4f : PowerMSP432.oem4f (.text:Power_getConstraintMask)
                  00009324    0000000c                               : PowerMSP432.oem4f (.text:Power_getPerformanceLevel)
                  00009330    0000000c     msp432p4xx_driverlib.lib : timer_a.o (.text:Timer_A_stopTimer)
                  0000933c    0000000c     Robot_pem4f.oem4f (.text:ti_sysbios_family_arm_m3_Hwi_Params__init__S)
                  00009348    0000000c     sysbios.aem4f : BIOS.obj (.text:ti_sysbios_family_arm_m3_Hwi_disableFxn__E)
                  00009354    00000004     --HOLE-- [fill = 0]
                  00009358    0000000c                   : BIOS.obj (.text:ti_sysbios_family_arm_m3_TaskSupport_checkStack__E)
                  00009364    00000004     --HOLE-- [fill = 0]
                  00009368    0000000c                   : BIOS.obj (.text:ti_sysbios_family_arm_msp432_Timer_getMaxTicks__E)
                  00009374    00000004     --HOLE-- [fill = 0]
                  00009378    0000000c                   : BIOS.obj (.text:ti_sysbios_gates_GateHwi_enter__E)
                  00009384    0000000c     Robot_pem4f.oem4f (.text:ti_sysbios_knl_Queue_Object__get__S)
                  00009390    0000000c     Robot_pem4f.oem4f (.text:ti_sysbios_knl_Semaphore_Params__init__S)
                  0000939c    0000000c     ti.targets.arm.rtsarm.aem4f : Error.oem4f (.text:xdc_runtime_Error_init__E)
                  000093a8    0000000c                                 : Gate.oem4f (.text:xdc_runtime_Gate_enterSystem__E)
                  000093b4    0000000c                                 : Memory.oem4f (.text:xdc_runtime_Memory_calloc__E)
                  000093c0    0000000c                                 : Memory.oem4f (.text:xdc_runtime_Memory_getMaxDefaultTypeAlign__E)
                  000093cc    0000000c                                 : Startup.oem4f (.text:xdc_runtime_Startup_rtsDone__E)
                  000093d8    0000000a     drivers_MSP432P401R.aem4f : I2CMSP432.oem4f (.text:I2CMSP432_init)
                  000093e2    0000000a     tirtosport.aem4f : SemaphoreP_tirtos.oem4f (.text:SemaphoreP_post)
                  000093ec    0000000a     Robot_pem4f.oem4f (.text:xdc_runtime_IHeap_alloc)
                  000093f6    0000000a     Robot_pem4f.oem4f (.text:xdc_runtime_IHeap_free)
                  00009400    00000008     msp432p4xx_driverlib.lib : i2c.o (.text:I2C_enableInterrupt)
                  00009408    00000008     MSP_EXP432P401R.obj (.text:MSP_EXP432P401R_initGPIO)
                  00009410    00000008     MSP_EXP432P401R.obj (.text:MSP_EXP432P401R_initGeneral)
                  00009418    00000008     msp432p4xx_driverlib.lib : pcm.o (.text:PCM_setPowerMode)
                  00009420    00000008                              : pcm.o (.text:PCM_setPowerState)
                  00009428    00000008     drivers_MSP432P401R.aem4f : PWMTimerMSP432.oem4f (.text:PWMTimerMSP432_init)
                  00009430    00000008     tirtosport.aem4f : SemaphoreP_tirtos.oem4f (.text:SemaphoreP_Params_init)
                  00009438    00000008     msp432p4xx_driverlib.lib : timer_a.o (.text:Timer_A_startCounter)
                  00009440    00000008     drivers_MSP432P401R.aem4f : I2CMSP432.oem4f (.text:blockingTransferCallback)
                  00009448    00000008     sysbios.aem4f : BIOS.obj (.text:ti_sysbios_family_arm_m3_Hwi_doSwiRestore__I)
                  00009450    00000008                   : BIOS.obj (.text:ti_sysbios_family_arm_m3_Hwi_startup__E)
                  00009458    00000006     msp432p4xx_driverlib.lib : i2c.o (.text:I2C_getInterruptStatus)
                  0000945e    00000006                              : i2c.o (.text:I2C_masterReceiveMultiByteNext)
                  00009464    00000006     drivers_MSP432P401R.aem4f : PWMTimerMSP432.oem4f (.text:PWMTimerMSP432_control)
                  0000946a    00000006     rtsv7M4_T_le_v4SPD16_eabi.lib : copy_decompress_rle.obj (.text:decompress:rle24)
                  00009470    00000006     sysbios.aem4f : BIOS.obj (.text:ti_sysbios_family_arm_m3_Hwi_doTaskRestore__I)
                  00009476    00000002     --HOLE-- [fill = 0]
                  00009478    00000006                   : BIOS.obj (.text:ti_sysbios_family_arm_m3_Hwi_restoreFxn__E)
                  0000947e    00000002     --HOLE-- [fill = 0]
                  00009480    00000006                   : BIOS.obj (.text:ti_sysbios_gates_GateHwi_leave__E)
                  00009486    00000002     --HOLE-- [fill = 0]
                  00009488    00000006                   : BIOS.obj (.text:ti_sysbios_heaps_HeapMem_isBlocking__E)
                  0000948e    00000002     --HOLE-- [fill = 0]
                  00009490    00000006                   : BIOS.obj (.text:ti_sysbios_knl_Queue_Instance_init__E)
                  00009496    00000002     --HOLE-- [fill = 0]
                  00009498    00000006                   : BIOS.obj (.text:ti_sysbios_knl_Swi_startup__E)
                  0000949e    00000006     ti.targets.arm.rtsarm.aem4f : System.oem4f (.text:xdc_runtime_System_Module_startup__E)
                  000094a4    00000004     --HOLE-- [fill = 0]
                  000094a8    00000004     sysbios.aem4f : BIOS.obj (.text:ti_sysbios_gates_GateHwi_query__E)
                  000094ac    00000004     --HOLE-- [fill = 0]
                  000094b0    00000004                   : BIOS.obj (.text:ti_sysbios_gates_GateMutex_query__E)
                  000094b4    00000004     --HOLE-- [fill = 0]
                  000094b8    00000004                   : BIOS.obj (.text:ti_sysbios_knl_Task_startup__E)
                  000094bc    00000004     --HOLE-- [fill = 0]
                  000094c0    00000002                   : BIOS.obj (.text:ti_sysbios_BIOS_linkedWithIncorrectBootLibrary__E)
                  000094c2    00000006     --HOLE-- [fill = 0]
                  000094c8    00000002                   : BIOS.obj (.text:ti_sysbios_gates_GateHwi_Instance_init__E)
                  000094ca    00000006     --HOLE-- [fill = 0]
                  000094d0    00000002                   : BIOS.obj (.text:ti_sysbios_knl_Clock_logTick__E)

.const     0    000094d4    000029bd     
                  000094d4    00001834     Robot_pem4f.oem4f (.const:xdc_runtime_Text_charTab__A)
                  0000ad08    0000094d     fontcm20b.obj (.const:.string:g_pucCm20bData)
                  0000b655    00000101     rtsv7M4_T_le_v4SPD16_eabi.lib : ctype.obj (.const:.string:_ctypes_)
                  0000b756    00000002     Robot_pem4f.oem4f (.const:ti_sysbios_family_arm_m3_Hwi_Module__id__C)
                  0000b758    000000c8     fontcm20b.obj (.const:g_sFontCm20b)
                  0000b820    000000b0     Robot_pem4f.oem4f (.const:xdc_runtime_Text_nodeTab__A)
                  0000b8d0    00000048     Robot_pem4f.oem4f (.const:.string)
                  0000b918    0000003c     MSP_EXP432P401R.obj (.const:PWM_config)
                  0000b954    00000030     MSP_EXP432P401R.obj (.const:I2C_config)
                  0000b984    00000030     Sharp96x96.obj (.const:g_sharp96x96LCD)
                  0000b9b4    00000030     MSP_EXP432P401R.obj (.const:i2cMSP432HWAttrs)
                  0000b9e4    00000030     MSP_EXP432P401R.obj (.const:pwmTimerMSP432HWAttrs)
                  0000ba14    00000030     Robot_pem4f.oem4f (.const:ti_sysbios_family_arm_m3_Hwi_Object__PARAMS__C)
                  0000ba44    00000028     drivers_MSP432P401R.aem4f : PWMTimerMSP432.oem4f (.const)
                  0000ba6c    00000028     Robot_pem4f.oem4f (.const:ti_sysbios_heaps_HeapMem_Module__FXNS__C)
                  0000ba94    00000024     Robot_pem4f.oem4f (.const:ti_sysbios_gates_GateHwi_Module__FXNS__C)
                  0000bab8    00000024     Robot_pem4f.oem4f (.const:ti_sysbios_gates_GateMutex_Module__FXNS__C)
                  0000badc    00000024     Robot_pem4f.oem4f (.const:ti_sysbios_heaps_HeapMem_Object__PARAMS__C)
                  0000bb00    00000024     Robot_pem4f.oem4f (.const:ti_sysbios_knl_Semaphore_Object__PARAMS__C)
                  0000bb24    00000020     drivers_MSP432P401R.aem4f : I2CMSP432.oem4f (.const)
                  0000bb44    00000020     Robot_pem4f.oem4f (.const:ti_sysbios_family_arm_m3_Hwi_Object__DESC__C)
                  0000bb64    00000020     Robot_pem4f.oem4f (.const:ti_sysbios_gates_GateHwi_Object__DESC__C)
                  0000bb84    00000020     Robot_pem4f.oem4f (.const:ti_sysbios_gates_GateMutex_Object__DESC__C)
                  0000bba4    00000020     Robot_pem4f.oem4f (.const:ti_sysbios_heaps_HeapMem_Object__DESC__C)
                  0000bbc4    00000020     Robot_pem4f.oem4f (.const:ti_sysbios_knl_Queue_Object__DESC__C)
                  0000bbe4    00000020     Robot_pem4f.oem4f (.const:ti_sysbios_knl_Semaphore_Object__DESC__C)
                  0000bc04    00000020     Robot_pem4f.oem4f (.const:xdc_runtime_Startup_sfxnTab__A)
                  0000bc24    0000001c     Sharp96x96.obj (.const:$P$T0$1)
                  0000bc40    00000018     Robot_pem4f.oem4f (.const:ti_sysbios_gates_GateHwi_Object__PARAMS__C)
                  0000bc58    00000018     Robot_pem4f.oem4f (.const:ti_sysbios_gates_GateMutex_Object__PARAMS__C)
                  0000bc70    00000018     Robot_pem4f.oem4f (.const:ti_sysbios_knl_Queue_Object__PARAMS__C)
                  0000bc88    00000014     MSP_EXP432P401R.obj (.const:GPIOMSP432_config)
                  0000bc9c    00000010     MSP_EXP432P401R.obj (.const:PowerMSP432_config)
                  0000bcac    00000010     Robot_pem4f.oem4f (.const:xdc_runtime_Startup_sfxnRts__A)
                  0000bcbc    0000000c     drivers_MSP432P401R.aem4f : GPIOMSP432.oem4f (.const:.string)
                  0000bcc8    0000000c     Robot_pem4f.oem4f (.const:xdc_runtime_Startup_firstFxns__A)
                  0000bcd4    00000008     MSP_EXP432P401R.obj (.const:.string:$P$T0$1)
                  0000bcdc    00000008     Robot_pem4f.oem4f (.const:ti_sysbios_family_arm_m3_Hwi_excHookFuncs__A)
                  0000bce4    00000008     Robot_pem4f.oem4f (.const:ti_sysbios_knl_Idle_funcList__A)
                  0000bcec    00000008     Robot_pem4f.oem4f (.const:ti_sysbios_knl_Idle_funcList__C)
                  0000bcf4    00000008     Robot_pem4f.oem4f (.const:xdc_runtime_Startup_firstFxns__C)
                  0000bcfc    00000008     Robot_pem4f.oem4f (.const:xdc_runtime_Startup_lastFxns__C)
                  0000bd04    00000004     Robot_pem4f.oem4f (.const:ti_sysbios_family_arm_m3_Hwi_E_NMI__C)
                  0000bd08    00000004     Robot_pem4f.oem4f (.const:ti_sysbios_family_arm_m3_Hwi_E_alreadyDefined__C)
                  0000bd0c    00000004     Robot_pem4f.oem4f (.const:ti_sysbios_family_arm_m3_Hwi_E_busFault__C)
                  0000bd10    00000004     Robot_pem4f.oem4f (.const:ti_sysbios_family_arm_m3_Hwi_E_debugMon__C)
                  0000bd14    00000004     Robot_pem4f.oem4f (.const:ti_sysbios_family_arm_m3_Hwi_E_hardFault__C)
                  0000bd18    00000004     Robot_pem4f.oem4f (.const:ti_sysbios_family_arm_m3_Hwi_E_memFault__C)
                  0000bd1c    00000004     Robot_pem4f.oem4f (.const:ti_sysbios_family_arm_m3_Hwi_E_noIsr__C)
                  0000bd20    00000004     Robot_pem4f.oem4f (.const:ti_sysbios_family_arm_m3_Hwi_E_reserved__C)
                  0000bd24    00000004     Robot_pem4f.oem4f (.const:ti_sysbios_family_arm_m3_Hwi_E_svCall__C)
                  0000bd28    00000004     Robot_pem4f.oem4f (.const:ti_sysbios_family_arm_m3_Hwi_E_usageFault__C)
                  0000bd2c    00000004     Robot_pem4f.oem4f (.const:ti_sysbios_family_arm_m3_Hwi_NUM_INTERRUPTS__C)
                  0000bd30    00000004     Robot_pem4f.oem4f (.const:ti_sysbios_family_arm_m3_Hwi_Object__count__C)
                  0000bd34    00000004     Robot_pem4f.oem4f (.const:ti_sysbios_family_arm_m3_Hwi_ccr__C)
                  0000bd38    00000004     Robot_pem4f.oem4f (.const:ti_sysbios_family_arm_m3_Hwi_excHandlerFunc__C)
                  0000bd3c    00000004     Robot_pem4f.oem4f (.const:ti_sysbios_family_arm_m3_Hwi_excHookFuncs__C)
                  0000bd40    00000004     Robot_pem4f.oem4f (.const:ti_sysbios_family_arm_m3_Hwi_nullIsrFunc__C)
                  0000bd44    00000004     Robot_pem4f.oem4f (.const:ti_sysbios_family_arm_m3_Hwi_priGroup__C)
                  0000bd48    00000004     Robot_pem4f.oem4f (.const:ti_sysbios_family_arm_msp432_Timer_numTimerDevices__C)
                  0000bd4c    00000004     Robot_pem4f.oem4f (.const:ti_sysbios_family_arm_msp432_Timer_startupNeeded__C)
                  0000bd50    00000004     Robot_pem4f.oem4f (.const:ti_sysbios_gates_GateMutex_A_badContext__C)
                  0000bd54    00000004     Robot_pem4f.oem4f (.const:ti_sysbios_gates_GateMutex_Instance_State_sem__O)
                  0000bd58    00000004     Robot_pem4f.oem4f (.const:ti_sysbios_gates_GateMutex_Module__diagsEnabled__C)
                  0000bd5c    00000004     Robot_pem4f.oem4f (.const:ti_sysbios_gates_GateMutex_Module__diagsIncluded__C)
                  0000bd60    00000004     Robot_pem4f.oem4f (.const:ti_sysbios_gates_GateMutex_Module__diagsMask__C)
                  0000bd64    00000004     Robot_pem4f.oem4f (.const:ti_sysbios_hal_Hwi_E_stackOverflow__C)
                  0000bd68    00000004     Robot_pem4f.oem4f (.const:ti_sysbios_heaps_HeapMem_A_align__C)
                  0000bd6c    00000004     Robot_pem4f.oem4f (.const:ti_sysbios_heaps_HeapMem_A_heapSize__C)
                  0000bd70    00000004     Robot_pem4f.oem4f (.const:ti_sysbios_heaps_HeapMem_A_invalidFree__C)
                  0000bd74    00000004     Robot_pem4f.oem4f (.const:ti_sysbios_heaps_HeapMem_A_zeroBlock__C)
                  0000bd78    00000004     Robot_pem4f.oem4f (.const:ti_sysbios_heaps_HeapMem_E_memory__C)
                  0000bd7c    00000004     Robot_pem4f.oem4f (.const:ti_sysbios_heaps_HeapMem_Module__diagsEnabled__C)
                  0000bd80    00000004     Robot_pem4f.oem4f (.const:ti_sysbios_heaps_HeapMem_Module__diagsIncluded__C)
                  0000bd84    00000004     Robot_pem4f.oem4f (.const:ti_sysbios_heaps_HeapMem_Module__diagsMask__C)
                  0000bd88    00000004     Robot_pem4f.oem4f (.const:ti_sysbios_heaps_HeapMem_Module__gateObj__C)
                  0000bd8c    00000004     Robot_pem4f.oem4f (.const:ti_sysbios_heaps_HeapMem_Object__count__C)
                  0000bd90    00000004     Robot_pem4f.oem4f (.const:ti_sysbios_heaps_HeapMem_reqAlign__C)
                  0000bd94    00000004     Robot_pem4f.oem4f (.const:ti_sysbios_knl_Clock_Module_State_clockQ__O)
                  0000bd98    00000004     Robot_pem4f.oem4f (.const:ti_sysbios_knl_Semaphore_A_badContext__C)
                  0000bd9c    00000004     Robot_pem4f.oem4f (.const:ti_sysbios_knl_Semaphore_A_noEvents__C)
                  0000bda0    00000004     Robot_pem4f.oem4f (.const:ti_sysbios_knl_Semaphore_A_overflow__C)
                  0000bda4    00000004     Robot_pem4f.oem4f (.const:ti_sysbios_knl_Semaphore_A_pendTaskDisabled__C)
                  0000bda8    00000004     Robot_pem4f.oem4f (.const:ti_sysbios_knl_Semaphore_Instance_State_pendQ__O)
                  0000bdac    00000004     Robot_pem4f.oem4f (.const:ti_sysbios_knl_Semaphore_Module__diagsEnabled__C)
                  0000bdb0    00000004     Robot_pem4f.oem4f (.const:ti_sysbios_knl_Semaphore_Module__diagsIncluded__C)
                  0000bdb4    00000004     Robot_pem4f.oem4f (.const:ti_sysbios_knl_Semaphore_Module__diagsMask__C)
                  0000bdb8    00000004     Robot_pem4f.oem4f (.const:ti_sysbios_knl_Swi_Object__count__C)
                  0000bdbc    00000004     Robot_pem4f.oem4f (.const:ti_sysbios_knl_Task_A_badTimeout__C)
                  0000bdc0    00000004     Robot_pem4f.oem4f (.const:ti_sysbios_knl_Task_A_sleepTaskDisabled__C)
                  0000bdc4    00000004     Robot_pem4f.oem4f (.const:ti_sysbios_knl_Task_E_spOutOfBounds__C)
                  0000bdc8    00000004     Robot_pem4f.oem4f (.const:ti_sysbios_knl_Task_E_stackOverflow__C)
                  0000bdcc    00000004     Robot_pem4f.oem4f (.const:ti_sysbios_knl_Task_Module_State_inactiveQ__O)
                  0000bdd0    00000004     Robot_pem4f.oem4f (.const:ti_sysbios_knl_Task_Module__diagsEnabled__C)
                  0000bdd4    00000004     Robot_pem4f.oem4f (.const:ti_sysbios_knl_Task_Module__diagsIncluded__C)
                  0000bdd8    00000004     Robot_pem4f.oem4f (.const:ti_sysbios_knl_Task_Module__diagsMask__C)
                  0000bddc    00000004     Robot_pem4f.oem4f (.const:ti_sysbios_knl_Task_Object__count__C)
                  0000bde0    00000004     Robot_pem4f.oem4f (.const:ti_sysbios_knl_Task_allBlockedFunc__C)
                  0000bde4    00000004     Robot_pem4f.oem4f (.const:ti_sysbios_knl_Task_numConstructedTasks__C)
                  0000bde8    00000004     Robot_pem4f.oem4f (.const:xdc_runtime_Assert_E_assertFailed__C)
                  0000bdec    00000004     Robot_pem4f.oem4f (.const:xdc_runtime_Core_A_initializedParams__C)
                  0000bdf0    00000004     Robot_pem4f.oem4f (.const:xdc_runtime_Core_Module__diagsEnabled__C)
                  0000bdf4    00000004     Robot_pem4f.oem4f (.const:xdc_runtime_Core_Module__diagsIncluded__C)
                  0000bdf8    00000004     Robot_pem4f.oem4f (.const:xdc_runtime_Core_Module__diagsMask__C)
                  0000bdfc    00000004     Robot_pem4f.oem4f (.const:xdc_runtime_Error_E_memory__C)
                  0000be00    00000004     Robot_pem4f.oem4f (.const:xdc_runtime_Error_Module__diagsEnabled__C)
                  0000be04    00000004     Robot_pem4f.oem4f (.const:xdc_runtime_Error_Module__diagsIncluded__C)
                  0000be08    00000004     Robot_pem4f.oem4f (.const:xdc_runtime_Error_Module__diagsMask__C)
                  0000be0c    00000004     Robot_pem4f.oem4f (.const:xdc_runtime_Error_Module__loggerFxn8__C)
                  0000be10    00000004     Robot_pem4f.oem4f (.const:xdc_runtime_Error_Module__loggerObj__C)
                  0000be14    00000004     Robot_pem4f.oem4f (.const:xdc_runtime_Error_policyFxn__C)
                  0000be18    00000004     Robot_pem4f.oem4f (.const:xdc_runtime_Error_raiseHook__C)
                  0000be1c    00000004     Robot_pem4f.oem4f (.const:xdc_runtime_IGateProvider_Interface__BASE__C)
                  0000be20    00000004     Robot_pem4f.oem4f (.const:xdc_runtime_IHeap_Interface__BASE__C)
                  0000be24    00000004     Robot_pem4f.oem4f (.const:xdc_runtime_IModule_Interface__BASE__C)
                  0000be28    00000004     Robot_pem4f.oem4f (.const:xdc_runtime_Log_L_error__C)
                  0000be2c    00000004     Robot_pem4f.oem4f (.const:xdc_runtime_Memory_defaultHeapInstance__C)
                  0000be30    00000004     Robot_pem4f.oem4f (.const:xdc_runtime_Startup_execImpl__C)
                  0000be34    00000004     Robot_pem4f.oem4f (.const:xdc_runtime_Startup_maxPasses__C)
                  0000be38    00000004     Robot_pem4f.oem4f (.const:xdc_runtime_Startup_sfxnRts__C)
                  0000be3c    00000004     Robot_pem4f.oem4f (.const:xdc_runtime_Startup_sfxnTab__C)
                  0000be40    00000004     Robot_pem4f.oem4f (.const:xdc_runtime_SysMin_bufSize__C)
                  0000be44    00000004     Robot_pem4f.oem4f (.const:xdc_runtime_SysMin_outputFunc__C)
                  0000be48    00000004     Robot_pem4f.oem4f (.const:xdc_runtime_System_Module__gateObj__C)
                  0000be4c    00000004     Robot_pem4f.oem4f (.const:xdc_runtime_System_abortFxn__C)
                  0000be50    00000004     Robot_pem4f.oem4f (.const:xdc_runtime_System_exitFxn__C)
                  0000be54    00000004     Robot_pem4f.oem4f (.const:xdc_runtime_System_extendFxn__C)
                  0000be58    00000004     Robot_pem4f.oem4f (.const:xdc_runtime_System_maxAtexitHandlers__C)
                  0000be5c    00000004     Robot_pem4f.oem4f (.const:xdc_runtime_Text_charTab__C)
                  0000be60    00000004     Robot_pem4f.oem4f (.const:xdc_runtime_Text_nameEmpty__C)
                  0000be64    00000004     Robot_pem4f.oem4f (.const:xdc_runtime_Text_nameStatic__C)
                  0000be68    00000004     Robot_pem4f.oem4f (.const:xdc_runtime_Text_nameUnknown__C)
                  0000be6c    00000004     Robot_pem4f.oem4f (.const:xdc_runtime_Text_nodeTab__C)
                  0000be70    00000004     Robot_pem4f.oem4f (.const:xdc_runtime_Text_visitRopeFxn__C)
                  0000be74    00000002     Robot_pem4f.oem4f (.const:ti_sysbios_gates_GateMutex_Module__id__C)
                  0000be76    00000002     Robot_pem4f.oem4f (.const:ti_sysbios_hal_Hwi_Module__id__C)
                  0000be78    00000002     Robot_pem4f.oem4f (.const:ti_sysbios_heaps_HeapMem_Module__id__C)
                  0000be7a    00000002     Robot_pem4f.oem4f (.const:ti_sysbios_knl_Semaphore_Module__id__C)
                  0000be7c    00000002     Robot_pem4f.oem4f (.const:ti_sysbios_knl_Task_Module__id__C)
                  0000be7e    00000002     Robot_pem4f.oem4f (.const:xdc_runtime_Core_Module__id__C)
                  0000be80    00000002     Robot_pem4f.oem4f (.const:xdc_runtime_Error_Module__loggerDefined__C)
                  0000be82    00000002     Robot_pem4f.oem4f (.const:xdc_runtime_Error_maxDepth__C)
                  0000be84    00000002     Robot_pem4f.oem4f (.const:xdc_runtime_Memory_Module__id__C)
                  0000be86    00000002     Robot_pem4f.oem4f (.const:xdc_runtime_SysMin_flushAtExit__C)
                  0000be88    00000002     Robot_pem4f.oem4f (.const:xdc_runtime_Text_charCnt__C)
                  0000be8a    00000002     Robot_pem4f.oem4f (.const:xdc_runtime_Text_isLoaded__C)
                  0000be8c    00000002     Robot_pem4f.oem4f (.const:xdc_runtime_Text_registryModsLastId__C)
                  0000be8e    00000002     Robot_pem4f.oem4f (.const:xdc_runtime_Text_unnamedModsLastId__C)
                  0000be90    00000001     Robot_pem4f.oem4f (.const:xdc_runtime_Error_policy__C)

.cinit     0    0000be98    0000048c     
                  0000be98    0000044a     (.cinit..data.load) [load image, compression = rle]
                  0000c2e2    00000006     --HOLE-- [fill = 0]
                  0000c2e8    0000000b     (.cinit..bss.load) [load image, compression = rle]
                  0000c2f3    00000005     --HOLE-- [fill = 0]
                  0000c2f8    0000000b     (.cinit..vecs.load) [load image, compression = rle]
                  0000c303    00000001     --HOLE-- [fill = 0]
                  0000c304    00000008     (__TI_handler_table)
                  0000c30c    00000018     (__TI_cinit_table)

.resetVecs 
*          0    00000000    0000003c     
                  00000000    0000003c     Robot_pem4f.oem4f (.resetVecs)

.vecs      0    20000000    00000140     UNINITIALIZED
                  20000000    00000140     Robot_pem4f.oem4f (.vecs)

.bss       0    20000140    00004300     UNINITIALIZED
                  20000140    00002ee0     (.common:DisplayBuffer)
                  20003020    00000c00     Robot_pem4f.oem4f (.bss:taskStackSection)
                  20003c20    00000400     (.common:ti_sysbios_heaps_HeapMem_Instance_State_0_buf__A)
                  20004020    00000140     (.common:ti_sysbios_family_arm_m3_Hwi_dispatchTable)
                  20004160    00000120     rtsv7M4_T_le_v4SPD16_eabi.lib : trgmsg.obj (.bss:_CIOBUF_)
                  20004280    000000d8     (.common:i2cMSP432Objects)
                  20004358    00000080     (.common:xdc_runtime_SysMin_Module_State_0_outbuf__A)
                  200043d8    00000030     drivers_MSP432P401R.aem4f : GPIOMSP432.oem4f (.bss:gpioCallbackInfo)
                  20004408    00000030     (.common:pwmTimerMSP432Objects)
                  20004438    00000008     rtsv7M4_T_le_v4SPD16_eabi.lib : trgdrv.obj (.bss:parmbuf)

.data      0    20004440    000006dc     UNINITIALIZED
                  20004440    000000e4     Robot_pem4f.oem4f (.data:ti_sysbios_knl_Task_Object__table__V)
                  20004524    0000009c     drivers_MSP432P401R.aem4f : PowerMSP432.oem4f (.data:PowerMSP432_perfLevels)
                  200045c0    00000080                               : PWMTimerMSP432.oem4f (.data:pwmTimerStatus)
                  20004640    00000080     Robot_pem4f.oem4f (.data:ti_sysbios_knl_Swi_Module_State_0_readyQ__A)
                  200046c0    00000080     Robot_pem4f.oem4f (.data:ti_sysbios_knl_Task_Module_State_0_readyQ__A)
                  20004740    0000006c     MSP_EXP432P401R.obj (.data:gpioCallbackFunctions)
                  200047ac    0000006c     MSP_EXP432P401R.obj (.data:gpioPinConfigs)
                  20004818    0000004c     Robot_pem4f.oem4f (.data:ti_sysbios_family_arm_msp432_Timer_Object__table__V)
                  20004864    00000044     Robot_pem4f.oem4f (.data:ti_sysbios_knl_Task_Module__state__V)
                  200048a8    00000038     Robot_pem4f.oem4f (.data:ti_sysbios_gates_GateMutex_Object__table__V)
                  200048e0    00000034     Robot_pem4f.oem4f (.data:ti_sysbios_family_arm_m3_Hwi_Module__state__V)
                  20004914    00000030     msp432p4xx_driverlib.lib : gpio.o (.data:GPIO_PORT_TO_BASE)
                  20004944    00000030     Robot_pem4f.oem4f (.data:ti_sysbios_knl_Swi_Object__table__V)
                  20004974    0000002c     Robot_pem4f.oem4f (.data:ti_sysbios_knl_Clock_Module__state__V)
                  200049a0    00000028     drivers_MSP432P401R.aem4f : PowerMSP432.oem4f (.data:PowerMSP432_module)
                  200049c8    00000024     Robot_pem4f.oem4f (.data:ti_sysbios_BIOS_Module__state__V)
                  200049ec    00000020     Robot_pem4f.oem4f (.data:ti_sysbios_family_arm_msp432_Timer_Module_State_0_device__A)
                  20004a0c    0000001c     Robot_pem4f.oem4f (.data:ti_sysbios_knl_Swi_Module__state__V)
                  20004a28    00000018     Robot_pem4f.oem4f (.data:ti_sysbios_family_arm_m3_Hwi_Object__table__V)
                  20004a40    00000018     Robot_pem4f.oem4f (.data:ti_sysbios_heaps_HeapMem_Object__table__V)
                  20004a58    00000010     Robot_pem4f.oem4f (.data:ti_sysbios_family_arm_msp432_Timer_Module_State_0_handles__A)
                  20004a68    0000000c     rtsv7M4_T_le_v4SPD16_eabi.lib : exit.obj (.data:$O1$$)
                  20004a74    0000000c     Robot_pem4f.oem4f (.data:ti_sysbios_family_arm_msp432_ClockFreqs_Module__state__V)
                  20004a80    0000000c     Robot_pem4f.oem4f (.data:ti_sysbios_family_arm_msp432_Timer_Module__state__V)
                  20004a8c    0000000c     Robot_pem4f.oem4f (.data:xdc_runtime_SysMin_Module__state__V)
                  20004a98    00000008     rtsv7M4_T_le_v4SPD16_eabi.lib : _lock.obj (.data:$O1$$)
                  20004aa0    00000008     Robot_pem4f.oem4f (.data:ti_sysbios_family_arm_m3_Hwi_Module__root__V)
                  20004aa8    00000008     Robot_pem4f.oem4f (.data:ti_sysbios_gates_GateHwi_Module__root__V)
                  20004ab0    00000008     Robot_pem4f.oem4f (.data:ti_sysbios_gates_GateMutex_Module__root__V)
                  20004ab8    00000008     Robot_pem4f.oem4f (.data:ti_sysbios_heaps_HeapMem_Module__root__V)
                  20004ac0    00000008     Robot_pem4f.oem4f (.data:ti_sysbios_knl_Queue_Module__root__V)
                  20004ac8    00000008     Robot_pem4f.oem4f (.data:ti_sysbios_knl_Semaphore_Module__root__V)
                  20004ad0    00000008     Robot_pem4f.oem4f (.data:xdc_runtime_Registry_Module__state__V)
                  20004ad8    00000008     Robot_pem4f.oem4f (.data:xdc_runtime_Startup_Module__state__V)
                  20004ae0    00000008     Robot_pem4f.oem4f (.data:xdc_runtime_System_Module_State_0_atexitHandlers__A)
                  20004ae8    00000008     Robot_pem4f.oem4f (.data:xdc_runtime_System_Module__state__V)
                  20004af0    00000004     drivers_MSP432P401R.aem4f : I2C.oem4f (.data)
                  20004af4    00000004                               : PWM.oem4f (.data)
                  20004af8    00000004     rtsv7M4_T_le_v4SPD16_eabi.lib : errno.obj (.data)
                  20004afc    00000004                                   : stkdepth_vars.obj (.data)
                  20004b00    00000004     Robot_pem4f.oem4f (.data:ti_sysbios_family_arm_m3_Hwi_Module_State_0_excContext__A)
                  20004b04    00000004     Robot_pem4f.oem4f (.data:ti_sysbios_family_arm_m3_Hwi_Module_State_0_excStack__A)
                  20004b08    00000004     Robot_pem4f.oem4f (.data:ti_sysbios_gates_GateHwi_Object__table__V)
                  20004b0c    00000004     Robot_pem4f.oem4f (.data:ti_sysbios_knl_Task_Module_State_0_idleTask__A)
                  20004b10    00000004     Robot_pem4f.oem4f (.data:xdc_runtime_Memory_Module__state__V)
                  20004b14    00000002     Sharp96x96.obj (.data)
                  20004b16    00000002     Robot_pem4f.oem4f (.data:ti_sysbios_family_arm_m3_Hwi_Module_State_0_excActive__A)
                  20004b18    00000002     Robot_pem4f.oem4f (.data:xdc_runtime_Error_Module__state__V)
                  20004b1a    00000001     drivers_MSP432P401R.aem4f : GPIOMSP432.oem4f (.data)
                  20004b1b    00000001     main.obj (.data)

.stack     0    2000fd00    00000300     UNINITIALIZED
                  2000fd00    00000300     --HOLE--

.bootVecs 
*          0    00000000    00000008     DSECT
                  00000000    00000008     boot.aem4f : boot.oem4f (.bootVecs)

xdc.meta   0    00000000    000000e5     COPY SECTION
                  00000000    000000e5     Robot_pem4f.oem4f (xdc.meta)

.binit     0    00000000    00000000     

MODULE SUMMARY

       Module                     code    ro data   rw data
       ------                     ----    -------   -------
    .\
       MSP_EXP432P401R.obj        144     248       480    
       screenTask.obj             484     0         0      
       main.obj                   212     0         1      
       buttons.obj                40      0         0      
       heartBeatTask.obj          18      0         0      
    +--+--------------------------+-------+---------+---------+
       Total:                     898     248       481    
                                                           
    .\LCDDriver\
       Sharp96x96.obj             1714    76        12002  
       Sharp96x96utils.obj        98      0         0      
    +--+--------------------------+-------+---------+---------+
       Total:                     1812    76        12002  
                                                           
    .\fonts\
       fontcm20b.obj              0       2581      0      
    +--+--------------------------+-------+---------+---------+
       Total:                     0       2581      0      
                                                           
    .\grlib\
       string.obj                 1234    0         0      
       line.obj                   164     0         0      
       context.obj                74      0         0      
    +--+--------------------------+-------+---------+---------+
       Total:                     1472    0         0      
                                                           
    C:\Users\shailes\workspace_v6_2\CSRobot_01\Debug\configPkg\package\cfg\
       Robot_pem4f.oem4f          1600    7499      5992   
    +--+--------------------------+-------+---------+---------+
       Total:                     1600    7499      5992   
                                                           
    C:/ti/tirtos_msp43x_2_20_00_06/products/msp432_driverlib_3_21_00_05/driverlib/MSP432P4xx/ccs/msp432p4xx_driverlib.lib
       pcm.o                      1214    0         0      
       gpio.o                     480     0         48     
       i2c.o                      330     0         0      
       spi.o                      302     0         0      
       timer_a.o                  284     0         0      
       cs.o                       260     0         0      
       flash.o                    156     0         0      
       rtc_c.o                    72      0         0      
       wdt_a.o                    44      0         0      
       cpu.o                      28      0         0      
    +--+--------------------------+-------+---------+---------+
       Total:                     3170    0         48     
                                                           
    C:/ti/tirtos_msp43x_2_20_00_06/products/tidrivers_msp43x_2_20_00_08/packages/ti/drivers/lib/drivers_MSP432P401R.aem4f
       I2CMSP432.oem4f            1378    32        0      
       PowerMSP432.oem4f          1212    0         196    
       PWMTimerMSP432.oem4f       1088    40        128    
       GPIOMSP432.oem4f           700     12        49     
       List.oem4f                 72      0         0      
       I2C.oem4f                  56      0         4      
       PWM.oem4f                  56      0         4      
    +--+--------------------------+-------+---------+---------+
       Total:                     4562    84        381    
                                                           
    C:/ti/tirtos_msp43x_2_20_00_06/products/tidrivers_msp43x_2_20_00_08/packages/ti/drivers/lib/power_tirtos_MSP432P401R.aem4f
       PowerMSP432_tirtos.oem4f   106     0         0      
    +--+--------------------------+-------+---------+---------+
       Total:                     106     0         0      
                                                           
    C:/ti/tirtos_msp43x_2_20_00_06/products/tidrivers_msp43x_2_20_00_08/packages/ti/drivers/ports/lib/tirtosport.aem4f
       SemaphoreP_tirtos.oem4f    146     0         0      
       HwiP_tirtos.oem4f          138     0         0      
    +--+--------------------------+-------+---------+---------+
       Total:                     284     0         0      
                                                           
    C:\Users\shailes\workspace_v6_2\CSRobot_01\src\sysbios\sysbios.aem4f
       BIOS.obj                   10510   0         0      
       m3_Hwi_asm.obj             306     0         0      
       m3_TaskSupport_asm.obj     180     0         0      
       m3_Hwi_asm_switch.obj      118     0         0      
    +--+--------------------------+-------+---------+---------+
       Total:                     11114   0         0      
                                                           
    C:\ti\ccsv6\tools\compiler\arm_15.12.3.LTS\lib\rtsv7M4_T_le_v4SPD16_eabi.lib
       _printfi.obj               4368    0         0      
       trgdrv.obj                 804     0         8      
       ull_div_t2.obj             500     0         0      
       fd_add_t2.obj              438     0         0      
       trgmsg.obj                 104     0         288    
       fd_div_t2.obj              310     0         0      
       fd_cmp_t2.obj              268     0         0      
[...]
00009331  Timer_A_stopTimer                                           
0000933d  ti_sysbios_family_arm_m3_Hwi_Params__init__S                
0000933d  ti_sysbios_hal_Hwi_HwiProxy_Params__init__S                 
00009349  ti_sysbios_family_arm_m3_Hwi_disableFxn__E                  
00009349  ti_sysbios_hal_Hwi_HwiProxy_disable__E                      
00009359  ti_sysbios_family_arm_m3_TaskSupport_checkStack__E          
00009359  ti_sysbios_knl_Task_SupportProxy_checkStack__E              
00009369  ti_sysbios_family_arm_msp432_Timer_getMaxTicks__E           
00009379  ti_sysbios_gates_GateHwi_enter__E                           
00009385  ti_sysbios_knl_Queue_Object__get__S                         
00009391  ti_sysbios_knl_Semaphore_Params__init__S                    
0000939d  xdc_runtime_Error_init__E                                   
000093a9  xdc_runtime_Gate_enterSystem__E                             
000093b5  xdc_runtime_Memory_calloc__E                                
000093c1  xdc_runtime_Memory_getMaxDefaultTypeAlign__E                
000093cd  xdc_runtime_Startup_rtsDone__E                              
000093d9  I2CMSP432_init                                              
000093e3  SemaphoreP_post                                             
000093e3  SemaphoreP_postFromClock                                    
000093e3  SemaphoreP_postFromISR                                      
000093ed  xdc_runtime_Memory_HeapProxy_alloc__E                       
000093f7  xdc_runtime_Memory_HeapProxy_free__E                        
00009401  I2C_enableInterrupt                                         
00009409  MSP_EXP432P401R_initGPIO                                    
00009411  MSP_EXP432P401R_initGeneral                                 
00009419  PCM_setPowerMode                                            
00009421  PCM_setPowerState                                           
00009429  PWMTimerMSP432_init                                         
00009431  SemaphoreP_Params_init                                      
00009439  Timer_A_startCounter                                        
00009449  ti_sysbios_family_arm_m3_Hwi_doSwiRestore__I                
00009451  ti_sysbios_family_arm_m3_Hwi_startup__E                     
00009451  ti_sysbios_hal_Hwi_HwiProxy_startup__E                      
00009459  I2C_getInterruptStatus                                      
0000945f  I2C_masterReceiveMultiByteNext                              
00009465  PWMTimerMSP432_control                                      
0000946b  __TI_decompress_rle24                                       
00009471  ti_sysbios_family_arm_m3_Hwi_doTaskRestore__I               
00009479  HwiP_restore                                                
00009479  ti_sysbios_family_arm_m3_Hwi_restoreFxn__E                  
00009479  ti_sysbios_hal_Hwi_HwiProxy_restore__E                      
00009481  ti_sysbios_gates_GateHwi_leave__E                           
00009489  ti_sysbios_heaps_HeapMem_isBlocking__E                      
00009491  ti_sysbios_knl_Queue_Instance_init__E                       
00009499  ti_sysbios_knl_Swi_startup__E                               
0000949f  xdc_runtime_System_Module_startup__E                        
000094a9  ti_sysbios_gates_GateHwi_query__E                           
000094a9  xdc_runtime_Main_Module_GateProxy_query__E                  
000094a9  xdc_runtime_System_Module_GateProxy_query__E                
000094b1  ti_sysbios_BIOS_RtsGateProxy_query__E                       
000094b1  ti_sysbios_gates_GateMutex_query__E                         
000094b1  ti_sysbios_heaps_HeapMem_Module_GateProxy_query__E          
000094b9  ti_sysbios_knl_Task_startup__E                              
000094c1  ti_sysbios_BIOS_linkedWithIncorrectBootLibrary__E           
000094c9  ti_sysbios_gates_GateHwi_Instance_init__E                   
000094d1  ti_sysbios_knl_Clock_logTick__E                             
000094d4  xdc_runtime_Text_charTab__A                                 
0000b655  _ctypes_                                                    
0000b756  ti_sysbios_family_arm_m3_Hwi_Module__id__C                  
0000b758  g_sFontCm20b                                                
0000b820  xdc_runtime_Text_nodeTab__A                                 
0000b918  PWM_config                                                  
0000b954  I2C_config                                                  
0000b984  g_sharp96x96LCD                                             
0000b9b4  i2cMSP432HWAttrs                                            
0000b9e4  pwmTimerMSP432HWAttrs                                       
0000ba14  ti_sysbios_family_arm_m3_Hwi_Object__PARAMS__C              
0000ba44  PWMTimerMSP432_fxnTable                                     
0000ba6c  ti_sysbios_heaps_HeapMem_Module__FXNS__C                    
0000ba94  ti_sysbios_gates_GateHwi_Module__FXNS__C                    
0000bab8  ti_sysbios_gates_GateMutex_Module__FXNS__C                  
0000badc  ti_sysbios_heaps_HeapMem_Object__PARAMS__C                  
0000bb00  ti_sysbios_knl_Semaphore_Object__PARAMS__C                  
0000bb24  I2CMSP432_fxnTable                                          
0000bb44  ti_sysbios_family_arm_m3_Hwi_Object__DESC__C                
0000bb64  ti_sysbios_gates_GateHwi_Object__DESC__C                    
0000bb84  ti_sysbios_gates_GateMutex_Object__DESC__C                  
0000bba4  ti_sysbios_heaps_HeapMem_Object__DESC__C                    
0000bbc4  ti_sysbios_knl_Queue_Object__DESC__C                        
0000bbe4  ti_sysbios_knl_Semaphore_Object__DESC__C                    
0000bc04  xdc_runtime_Startup_sfxnTab__A                              
0000bc40  ti_sysbios_gates_GateHwi_Object__PARAMS__C                  
0000bc58  ti_sysbios_gates_GateMutex_Object__PARAMS__C                
0000bc70  ti_sysbios_knl_Queue_Object__PARAMS__C                      
0000bc88  GPIOMSP432_config                                           
0000bc9c  PowerMSP432_config                                          
0000bcac  xdc_runtime_Startup_sfxnRts__A                              
0000bcc8  xdc_runtime_Startup_firstFxns__A                            
0000bcdc  ti_sysbios_family_arm_m3_Hwi_excHookFuncs__A                
0000bce4  ti_sysbios_knl_Idle_funcList__A                             
0000bcec  ti_sysbios_knl_Idle_funcList__C                             
0000bcf4  xdc_runtime_Startup_firstFxns__C                            
0000bcfc  xdc_runtime_Startup_lastFxns__C                             
0000bd04  ti_sysbios_family_arm_m3_Hwi_E_NMI__C                       
0000bd08  ti_sysbios_family_arm_m3_Hwi_E_alreadyDefined__C            
0000bd0c  ti_sysbios_family_arm_m3_Hwi_E_busFault__C                  
0000bd10  ti_sysbios_family_arm_m3_Hwi_E_debugMon__C                  
0000bd14  ti_sysbios_family_arm_m3_Hwi_E_hardFault__C                 
0000bd18  ti_sysbios_family_arm_m3_Hwi_E_memFault__C                  
0000bd1c  ti_sysbios_family_arm_m3_Hwi_E_noIsr__C                     
0000bd20  ti_sysbios_family_arm_m3_Hwi_E_reserved__C                  
0000bd24  ti_sysbios_family_arm_m3_Hwi_E_svCall__C                    
0000bd28  ti_sysbios_family_arm_m3_Hwi_E_usageFault__C                
0000bd2c  ti_sysbios_family_arm_m3_Hwi_NUM_INTERRUPTS__C              
0000bd30  ti_sysbios_family_arm_m3_Hwi_Object__count__C               
0000bd34  ti_sysbios_family_arm_m3_Hwi_ccr__C                         
0000bd38  ti_sysbios_family_arm_m3_Hwi_excHandlerFunc__C              
0000bd3c  ti_sysbios_family_arm_m3_Hwi_excHookFuncs__C                
0000bd40  ti_sysbios_family_arm_m3_Hwi_nullIsrFunc__C                 
0000bd44  ti_sysbios_family_arm_m3_Hwi_priGroup__C                    
0000bd48  ti_sysbios_family_arm_msp432_Timer_numTimerDevices__C       
0000bd4c  ti_sysbios_family_arm_msp432_Timer_startupNeeded__C         
0000bd50  ti_sysbios_gates_GateMutex_A_badContext__C                  
0000bd54  ti_sysbios_gates_GateMutex_Instance_State_sem__O            
0000bd58  ti_sysbios_gates_GateMutex_Module__diagsEnabled__C          
0000bd5c  ti_sysbios_gates_GateMutex_Module__diagsIncluded__C         
0000bd60  ti_sysbios_gates_GateMutex_Module__diagsMask__C             
0000bd64  ti_sysbios_hal_Hwi_E_stackOverflow__C                       
0000bd68  ti_sysbios_heaps_HeapMem_A_align__C                         
0000bd6c  ti_sysbios_heaps_HeapMem_A_heapSize__C                      
0000bd70  ti_sysbios_heaps_HeapMem_A_invalidFree__C                   
0000bd74  ti_sysbios_heaps_HeapMem_A_zeroBlock__C                     
0000bd78  ti_sysbios_heaps_HeapMem_E_memory__C                        
0000bd7c  ti_sysbios_heaps_HeapMem_Module__diagsEnabled__C            
0000bd80  ti_sysbios_heaps_HeapMem_Module__diagsIncluded__C           
0000bd84  ti_sysbios_heaps_HeapMem_Module__diagsMask__C               
0000bd88  ti_sysbios_heaps_HeapMem_Module__gateObj__C                 
0000bd8c  ti_sysbios_heaps_HeapMem_Object__count__C                   
0000bd90  ti_sysbios_heaps_HeapMem_reqAlign__C                        
0000bd94  ti_sysbios_knl_Clock_Module_State_clockQ__O                 
0000bd98  ti_sysbios_knl_Semaphore_A_badContext__C                    
0000bd9c  ti_sysbios_knl_Semaphore_A_noEvents__C                      
0000bda0  ti_sysbios_knl_Semaphore_A_overflow__C                      
0000bda4  ti_sysbios_knl_Semaphore_A_pendTaskDisabled__C              
0000bda8  ti_sysbios_knl_Semaphore_Instance_State_pendQ__O            
0000bdac  ti_sysbios_knl_Semaphore_Module__diagsEnabled__C            
0000bdb0  ti_sysbios_knl_Semaphore_Module__diagsIncluded__C           
0000bdb4  ti_sysbios_knl_Semaphore_Module__diagsMask__C               
0000bdb8  ti_sysbios_knl_Swi_Object__count__C                         
0000bdbc  ti_sysbios_knl_Task_A_badTimeout__C                         
0000bdc0  ti_sysbios_knl_Task_A_sleepTaskDisabled__C                  
0000bdc4  ti_sysbios_knl_Task_E_spOutOfBounds__C                      
0000bdc8  ti_sysbios_knl_Task_E_stackOverflow__C                      
0000bdcc  ti_sysbios_knl_Task_Module_State_inactiveQ__O               
0000bdd0  ti_sysbios_knl_Task_Module__diagsEnabled__C                 
0000bdd4  ti_sysbios_knl_Task_Module__diagsIncluded__C                
0000bdd8  ti_sysbios_knl_Task_Module__diagsMask__C                    
0000bddc  ti_sysbios_knl_Task_Object__count__C                        
0000bde0  ti_sysbios_knl_Task_allBlockedFunc__C                       
0000bde4  ti_sysbios_knl_Task_numConstructedTasks__C                  
0000bde8  xdc_runtime_Assert_E_assertFailed__C                        
0000bdec  xdc_runtime_Core_A_initializedParams__C                     
0000bdf0  xdc_runtime_Core_Module__diagsEnabled__C                    
0000bdf4  xdc_runtime_Core_Module__diagsIncluded__C                   
0000bdf8  xdc_runtime_Core_Module__diagsMask__C                       
0000bdfc  xdc_runtime_Error_E_memory__C                               
0000be00  xdc_runtime_Error_Module__diagsEnabled__C                   
0000be04  xdc_runtime_Error_Module__diagsIncluded__C                  
0000be08  xdc_runtime_Error_Module__diagsMask__C                      
0000be0c  xdc_runtime_Error_Module__loggerFxn8__C                     
0000be10  xdc_runtime_Error_Module__loggerObj__C                      
0000be14  xdc_runtime_Error_policyFxn__C                              
0000be18  xdc_runtime_Error_raiseHook__C                              
0000be1c  xdc_runtime_IGateProvider_Interface__BASE__C                
0000be20  xdc_runtime_IHeap_Interface__BASE__C                        
0000be24  xdc_runtime_IModule_Interface__BASE__C                      
0000be28  xdc_runtime_Log_L_error__C                                  
0000be2c  xdc_runtime_Memory_defaultHeapInstance__C                   
0000be30  xdc_runtime_Startup_execImpl__C                             
0000be34  xdc_runtime_Startup_maxPasses__C                            
0000be38  xdc_runtime_Startup_sfxnRts__C                              
0000be3c  xdc_runtime_Startup_sfxnTab__C                              
0000be40  xdc_runtime_SysMin_bufSize__C                               
0000be44  xdc_runtime_SysMin_outputFunc__C                            
0000be48  xdc_runtime_System_Module__gateObj__C                       
0000be4c  xdc_runtime_System_abortFxn__C                              
0000be50  xdc_runtime_System_exitFxn__C                               
0000be54  xdc_runtime_System_extendFxn__C                             
0000be58  xdc_runtime_System_maxAtexitHandlers__C                     
0000be5c  xdc_runtime_Text_charTab__C                                 
0000be60  xdc_runtime_Text_nameEmpty__C                               
0000be64  xdc_runtime_Text_nameStatic__C                              
0000be68  xdc_runtime_Text_nameUnknown__C                             
0000be6c  xdc_runtime_Text_nodeTab__C                                 
0000be70  xdc_runtime_Text_visitRopeFxn__C                            
0000be74  ti_sysbios_gates_GateMutex_Module__id__C                    
0000be76  ti_sysbios_hal_Hwi_Module__id__C                            
0000be78  ti_sysbios_heaps_HeapMem_Module__id__C                      
0000be7a  ti_sysbios_knl_Semaphore_Module__id__C                      
0000be7c  ti_sysbios_knl_Task_Module__id__C                           
0000be7e  xdc_runtime_Core_Module__id__C                              
0000be80  xdc_runtime_Error_Module__loggerDefined__C                  
0000be82  xdc_runtime_Error_maxDepth__C                               
0000be84  xdc_runtime_Memory_Module__id__C                            
0000be86  xdc_runtime_SysMin_flushAtExit__C                           
0000be88  xdc_runtime_Text_charCnt__C                                 
0000be8a  xdc_runtime_Text_isLoaded__C                                
0000be8c  xdc_runtime_Text_registryModsLastId__C                      
0000be8e  xdc_runtime_Text_unnamedModsLastId__C                       
0000be90  xdc_runtime_Error_policy__C                                 
0000be98  __TI_static_base__                                          
0000c304  __TI_Handler_Table_Base                                     
0000c30c  __TI_CINIT_Base                                             
0000c30c  __TI_Handler_Table_Limit                                    
0000c324  __TI_CINIT_Limit                                            
20000000  ti_sysbios_family_arm_m3_Hwi_ramVectors                     
20000140  DisplayBuffer                                               
20003020  ti_sysbios_knl_Task_Instance_State_0_stack__A               
20003220  ti_sysbios_knl_Task_Instance_State_1_stack__A               
20003a20  ti_sysbios_knl_Task_Instance_State_2_stack__A               
20003c20  ti_sysbios_heaps_HeapMem_Instance_State_0_buf__A            
20004020  ti_sysbios_family_arm_m3_Hwi_dispatchTable                  
20004160  __CIOBUF_                                                   
20004280  i2cMSP432Objects                                            
20004358  xdc_runtime_SysMin_Module_State_0_outbuf__A                 
20004408  pwmTimerMSP432Objects                                       
20004440  ti_sysbios_knl_Task_Object__table__V                        
20004524  PowerMSP432_perfLevels                                      
20004640  ti_sysbios_knl_Swi_Module_State_0_readyQ__A                 
200046c0  ti_sysbios_knl_Task_Module_State_0_readyQ__A                
20004740  gpioCallbackFunctions                                       
200047ac  gpioPinConfigs                                              
20004818  ti_sysbios_family_arm_msp432_Timer_Object__table__V         
20004864  ti_sysbios_knl_Task_Module__state__V                        
200048a8  ti_sysbios_gates_GateMutex_Object__table__V                 
200048e0  ti_sysbios_family_arm_m3_Hwi_Module__state__V               
20004944  ti_sysbios_knl_Swi_Object__table__V                         
20004974  ti_sysbios_knl_Clock_Module__state__V                       
200049a0  PowerMSP432_module                                          
200049c8  ti_sysbios_BIOS_Module__state__V                            
200049ec  ti_sysbios_family_arm_msp432_Timer_Module_State_0_device__A 
20004a0c  ti_sysbios_knl_Swi_Module__state__V                         
20004a28  ti_sysbios_family_arm_m3_Hwi_Object__table__V               
20004a40  ti_sysbios_heaps_HeapMem_Object__table__V                   
20004a58  ti_sysbios_family_arm_msp432_Timer_Module_State_0_handles__A
20004a68  __TI_cleanup_ptr                                            
20004a6c  __TI_dtors_ptr                                              
20004a70  __TI_enable_exit_profile_output                             
20004a74  ti_sysbios_family_arm_msp432_ClockFreqs_Module__state__V    
20004a80  ti_sysbios_family_arm_msp432_Timer_Module__state__V         
20004a8c  xdc_runtime_SysMin_Module__state__V                         
20004a98  _lock                                                       
20004a9c  _unlock                                                     
20004aa0  ti_sysbios_family_arm_m3_Hwi_Module__root__V                
20004aa8  ti_sysbios_gates_GateHwi_Module__root__V                    
20004ab0  ti_sysbios_gates_GateMutex_Module__root__V                  
20004ab8  ti_sysbios_heaps_HeapMem_Module__root__V                    
20004ac0  ti_sysbios_knl_Queue_Module__root__V                        
20004ac8  ti_sysbios_knl_Semaphore_Module__root__V                    
20004ad0  xdc_runtime_Registry_Module__state__V                       
20004ad8  xdc_runtime_Startup_Module__state__V                        
20004ae0  xdc_runtime_System_Module_State_0_atexitHandlers__A         
20004ae8  xdc_runtime_System_Module__state__V                         
20004af8  errno                                                       
20004afc  main_func_sp                                                
20004b00  ti_sysbios_family_arm_m3_Hwi_Module_State_0_excContext__A   
20004b04  ti_sysbios_family_arm_m3_Hwi_Module_State_0_excStack__A     
20004b08  ti_sysbios_gates_GateHwi_Object__table__V                   
20004b0c  ti_sysbios_knl_Task_Module_State_0_idleTask__A              
20004b10  xdc_runtime_Memory_Module__state__V                         
20004b14  VCOMbit                                                     
20004b15  flagSendToggleVCOMCommand                                   
20004b16  ti_sysbios_family_arm_m3_Hwi_Module_State_0_excActive__A    
20004b18  xdc_runtime_Error_Module__state__V                          
20004b1b  state                                                       
2000fd00  __stack                                                     
20010000  __STACK_END                                                 
4000480c  WDTCTL_SYM                                                  
e000e000  ti_sysbios_family_arm_m3_Hwi_nvic                           
ffffffff  __TI_pprof_out_hndl                                         
ffffffff  __TI_prof_data_size                                         
ffffffff  __TI_prof_data_start                                        
ffffffff  __binit__                                                   
ffffffff  __c_args__                                                  
ffffffff  binit                                                       
UNDEFED   SHT$$INIT_ARRAY$$Base                                       
UNDEFED   SHT$$INIT_ARRAY$$Limit                                      

[688 symbols]
